Archive member included to satisfy reference by file (symbol)

c:/st/stm32cubeide_1.12.0/stm32cubeide/plugins/com.st.stm32cube.ide.mcu.externaltools.gnu-tools-for-stm32.10.3-2021.10.win32_1.0.200.202301161003/tools/bin/../lib/gcc/arm-none-eabi/10.3.1/../../../../arm-none-eabi/lib/thumb/v7e-m+fp/hard\libc_nano.a(lib_a-errno.o)
                              ./Core/Src/syscalls.o (__errno)
c:/st/stm32cubeide_1.12.0/stm32cubeide/plugins/com.st.stm32cube.ide.mcu.externaltools.gnu-tools-for-stm32.10.3-2021.10.win32_1.0.200.202301161003/tools/bin/../lib/gcc/arm-none-eabi/10.3.1/../../../../arm-none-eabi/lib/thumb/v7e-m+fp/hard\libc_nano.a(lib_a-exit.o)
                              c:/st/stm32cubeide_1.12.0/stm32cubeide/plugins/com.st.stm32cube.ide.mcu.externaltools.gnu-tools-for-stm32.10.3-2021.10.win32_1.0.200.202301161003/tools/bin/../lib/gcc/arm-none-eabi/10.3.1/../../../../arm-none-eabi/lib/thumb/v7e-m+fp/hard/crt0.o (exit)
c:/st/stm32cubeide_1.12.0/stm32cubeide/plugins/com.st.stm32cube.ide.mcu.externaltools.gnu-tools-for-stm32.10.3-2021.10.win32_1.0.200.202301161003/tools/bin/../lib/gcc/arm-none-eabi/10.3.1/../../../../arm-none-eabi/lib/thumb/v7e-m+fp/hard\libc_nano.a(lib_a-impure.o)
                              c:/st/stm32cubeide_1.12.0/stm32cubeide/plugins/com.st.stm32cube.ide.mcu.externaltools.gnu-tools-for-stm32.10.3-2021.10.win32_1.0.200.202301161003/tools/bin/../lib/gcc/arm-none-eabi/10.3.1/../../../../arm-none-eabi/lib/thumb/v7e-m+fp/hard\libc_nano.a(lib_a-exit.o) (_global_impure_ptr)
c:/st/stm32cubeide_1.12.0/stm32cubeide/plugins/com.st.stm32cube.ide.mcu.externaltools.gnu-tools-for-stm32.10.3-2021.10.win32_1.0.200.202301161003/tools/bin/../lib/gcc/arm-none-eabi/10.3.1/../../../../arm-none-eabi/lib/thumb/v7e-m+fp/hard\libc_nano.a(lib_a-init.o)
                              c:/st/stm32cubeide_1.12.0/stm32cubeide/plugins/com.st.stm32cube.ide.mcu.externaltools.gnu-tools-for-stm32.10.3-2021.10.win32_1.0.200.202301161003/tools/bin/../lib/gcc/arm-none-eabi/10.3.1/../../../../arm-none-eabi/lib/thumb/v7e-m+fp/hard/crt0.o (__libc_init_array)
c:/st/stm32cubeide_1.12.0/stm32cubeide/plugins/com.st.stm32cube.ide.mcu.externaltools.gnu-tools-for-stm32.10.3-2021.10.win32_1.0.200.202301161003/tools/bin/../lib/gcc/arm-none-eabi/10.3.1/../../../../arm-none-eabi/lib/thumb/v7e-m+fp/hard\libc_nano.a(lib_a-memset.o)
                              c:/st/stm32cubeide_1.12.0/stm32cubeide/plugins/com.st.stm32cube.ide.mcu.externaltools.gnu-tools-for-stm32.10.3-2021.10.win32_1.0.200.202301161003/tools/bin/../lib/gcc/arm-none-eabi/10.3.1/../../../../arm-none-eabi/lib/thumb/v7e-m+fp/hard/crt0.o (memset)
c:/st/stm32cubeide_1.12.0/stm32cubeide/plugins/com.st.stm32cube.ide.mcu.externaltools.gnu-tools-for-stm32.10.3-2021.10.win32_1.0.200.202301161003/tools/bin/../lib/gcc/arm-none-eabi/10.3.1/../../../../arm-none-eabi/lib/thumb/v7e-m+fp/hard\libc_nano.a(lib_a-sprintf.o)
                              ./Core/Src/main.o (sprintf)
c:/st/stm32cubeide_1.12.0/stm32cubeide/plugins/com.st.stm32cube.ide.mcu.externaltools.gnu-tools-for-stm32.10.3-2021.10.win32_1.0.200.202301161003/tools/bin/../lib/gcc/arm-none-eabi/10.3.1/../../../../arm-none-eabi/lib/thumb/v7e-m+fp/hard\libc_nano.a(lib_a-strlen.o)
                              ./Core/Src/main.o (strlen)
c:/st/stm32cubeide_1.12.0/stm32cubeide/plugins/com.st.stm32cube.ide.mcu.externaltools.gnu-tools-for-stm32.10.3-2021.10.win32_1.0.200.202301161003/tools/bin/../lib/gcc/arm-none-eabi/10.3.1/../../../../arm-none-eabi/lib/thumb/v7e-m+fp/hard\libc_nano.a(lib_a-nano-svfprintf.o)
                              c:/st/stm32cubeide_1.12.0/stm32cubeide/plugins/com.st.stm32cube.ide.mcu.externaltools.gnu-tools-for-stm32.10.3-2021.10.win32_1.0.200.202301161003/tools/bin/../lib/gcc/arm-none-eabi/10.3.1/../../../../arm-none-eabi/lib/thumb/v7e-m+fp/hard\libc_nano.a(lib_a-sprintf.o) (_svfprintf_r)
c:/st/stm32cubeide_1.12.0/stm32cubeide/plugins/com.st.stm32cube.ide.mcu.externaltools.gnu-tools-for-stm32.10.3-2021.10.win32_1.0.200.202301161003/tools/bin/../lib/gcc/arm-none-eabi/10.3.1/../../../../arm-none-eabi/lib/thumb/v7e-m+fp/hard\libc_nano.a(lib_a-nano-vfprintf_i.o)
                              c:/st/stm32cubeide_1.12.0/stm32cubeide/plugins/com.st.stm32cube.ide.mcu.externaltools.gnu-tools-for-stm32.10.3-2021.10.win32_1.0.200.202301161003/tools/bin/../lib/gcc/arm-none-eabi/10.3.1/../../../../arm-none-eabi/lib/thumb/v7e-m+fp/hard\libc_nano.a(lib_a-nano-svfprintf.o) (_printf_i)
c:/st/stm32cubeide_1.12.0/stm32cubeide/plugins/com.st.stm32cube.ide.mcu.externaltools.gnu-tools-for-stm32.10.3-2021.10.win32_1.0.200.202301161003/tools/bin/../lib/gcc/arm-none-eabi/10.3.1/../../../../arm-none-eabi/lib/thumb/v7e-m+fp/hard\libc_nano.a(lib_a-memchr.o)
[...]
Memory Configuration

Name             Origin             Length             Attributes
CCMRAM           0x0000000010000000 0x0000000000010000 xrw
RAM              0x0000000020000000 0x0000000000030000 xrw
FLASH            0x0000000008000000 0x0000000000200000 xr
*default*        0x0000000000000000 0xffffffffffffffff

Linker script and memory map

LOAD c:/st/stm32cubeide_1.12.0/stm32cubeide/plugins/com.st.stm32cube.ide.mcu.externaltools.gnu-tools-for-stm32.10.3-2021.10.win32_1.0.200.202301161003/tools/bin/../lib/gcc/arm-none-eabi/10.3.1/thumb/v7e-m+fp/hard/crti.o
LOAD c:/st/stm32cubeide_1.12.0/stm32cubeide/plugins/com.st.stm32cube.ide.mcu.externaltools.gnu-tools-for-stm32.10.3-2021.10.win32_1.0.200.202301161003/tools/bin/../lib/gcc/arm-none-eabi/10.3.1/thumb/v7e-m+fp/hard/crtbegin.o
LOAD c:/st/stm32cubeide_1.12.0/stm32cubeide/plugins/com.st.stm32cube.ide.mcu.externaltools.gnu-tools-for-stm32.10.3-2021.10.win32_1.0.200.202301161003/tools/bin/../lib/gcc/arm-none-eabi/10.3.1/../../../../arm-none-eabi/lib/thumb/v7e-m+fp/hard/crt0.o
LOAD ./Core/Src/dma2d.o
LOAD ./Core/Src/fmc.o
LOAD ./Core/Src/gpio.o
LOAD ./Core/Src/i2c.o
LOAD ./Core/Src/ltdc.o
LOAD ./Core/Src/main.o
LOAD ./Core/Src/rtc.o
LOAD ./Core/Src/spi.o
LOAD ./Core/Src/stm32f4xx_hal_msp.o
LOAD ./Core/Src/stm32f4xx_it.o
LOAD ./Core/Src/syscalls.o
LOAD ./Core/Src/sysmem.o
LOAD ./Core/Src/system_stm32f4xx.o
LOAD ./Core/Src/tim.o
LOAD ./Core/Src/usart.o
LOAD ./Core/Startup/startup_stm32f429zitx.o
LOAD ./Drivers/STM32F4xx_HAL_Driver/Src/stm32f4xx_hal.o
LOAD ./Drivers/STM32F4xx_HAL_Driver/Src/stm32f4xx_hal_cortex.o
LOAD ./Drivers/STM32F4xx_HAL_Driver/Src/stm32f4xx_hal_dma.o
LOAD ./Drivers/STM32F4xx_HAL_Driver/Src/stm32f4xx_hal_dma2d.o
LOAD ./Drivers/STM32F4xx_HAL_Driver/Src/stm32f4xx_hal_dma_ex.o
LOAD ./Drivers/STM32F4xx_HAL_Driver/Src/stm32f4xx_hal_dsi.o
LOAD ./Drivers/STM32F4xx_HAL_Driver/Src/stm32f4xx_hal_exti.o
LOAD ./Drivers/STM32F4xx_HAL_Driver/Src/stm32f4xx_hal_flash.o
LOAD ./Drivers/STM32F4xx_HAL_Driver/Src/stm32f4xx_hal_flash_ex.o
LOAD ./Drivers/STM32F4xx_HAL_Driver/Src/stm32f4xx_hal_flash_ramfunc.o
LOAD ./Drivers/STM32F4xx_HAL_Driver/Src/stm32f4xx_hal_gpio.o
LOAD ./Drivers/STM32F4xx_HAL_Driver/Src/stm32f4xx_hal_i2c.o
LOAD ./Drivers/STM32F4xx_HAL_Driver/Src/stm32f4xx_hal_i2c_ex.o
LOAD ./Drivers/STM32F4xx_HAL_Driver/Src/stm32f4xx_hal_ltdc.o
LOAD ./Drivers/STM32F4xx_HAL_Driver/Src/stm32f4xx_hal_ltdc_ex.o
LOAD ./Drivers/STM32F4xx_HAL_Driver/Src/stm32f4xx_hal_pwr.o
LOAD ./Drivers/STM32F4xx_HAL_Driver/Src/stm32f4xx_hal_pwr_ex.o
LOAD ./Drivers/STM32F4xx_HAL_Driver/Src/stm32f4xx_hal_rcc.o
LOAD ./Drivers/STM32F4xx_HAL_Driver/Src/stm32f4xx_hal_rcc_ex.o
LOAD ./Drivers/STM32F4xx_HAL_Driver/Src/stm32f4xx_hal_rtc.o
LOAD ./Drivers/STM32F4xx_HAL_Driver/Src/stm32f4xx_hal_rtc_ex.o
LOAD ./Drivers/STM32F4xx_HAL_Driver/Src/stm32f4xx_hal_sdram.o
LOAD ./Drivers/STM32F4xx_HAL_Driver/Src/stm32f4xx_hal_spi.o
LOAD ./Drivers/STM32F4xx_HAL_Driver/Src/stm32f4xx_hal_tim.o
LOAD ./Drivers/STM32F4xx_HAL_Driver/Src/stm32f4xx_hal_tim_ex.o
LOAD ./Drivers/STM32F4xx_HAL_Driver/Src/stm32f4xx_hal_uart.o
LOAD ./Drivers/STM32F4xx_HAL_Driver/Src/stm32f4xx_ll_fmc.o
LOAD ./user_Driver/Fonts/font12.o
LOAD ./user_Driver/Fonts/font16.o
LOAD ./user_Driver/Fonts/font20.o
LOAD ./user_Driver/Fonts/font24.o
LOAD ./user_Driver/Fonts/font8.o
LOAD ./user_Driver/ili9341/ili9341.o
LOAD ./user_Driver/stm32f429i_discovery.o
LOAD ./user_Driver/stm32f429i_discovery_lcd.o
LOAD ./user_Driver/stm32f429i_discovery_sdram.o
START GROUP
LOAD c:/st/stm32cubeide_1.12.0/stm32cubeide/plugins/com.st.stm32cube.ide.mcu.externaltools.gnu-tools-for-stm32.10.3-2021.10.win32_1.0.200.202301161003/tools/bin/../lib/gcc/arm-none-eabi/10.3.1/../../../../arm-none-eabi/lib/thumb/v7e-m+fp/hard\libc_nano.a
LOAD c:/st/stm32cubeide_1.12.0/stm32cubeide/plugins/com.st.stm32cube.ide.mcu.externaltools.gnu-tools-for-stm32.10.3-2021.10.win32_1.0.200.202301161003/tools/bin/../lib/gcc/arm-none-eabi/10.3.1/../../../../arm-none-eabi/lib/thumb/v7e-m+fp/hard\libm.a
END GROUP
START GROUP
LOAD c:/st/stm32cubeide_1.12.0/stm32cubeide/plugins/com.st.stm32cube.ide.mcu.externaltools.gnu-tools-for-stm32.10.3-2021.10.win32_1.0.200.202301161003/tools/bin/../lib/gcc/arm-none-eabi/10.3.1/thumb/v7e-m+fp/hard\libgcc.a
LOAD c:/st/stm32cubeide_1.12.0/stm32cubeide/plugins/com.st.stm32cube.ide.mcu.externaltools.gnu-tools-for-stm32.10.3-2021.10.win32_1.0.200.202301161003/tools/bin/../lib/gcc/arm-none-eabi/10.3.1/../../../../arm-none-eabi/lib/thumb/v7e-m+fp/hard\libc_nano.a
END GROUP
START GROUP
LOAD c:/st/stm32cubeide_1.12.0/stm32cubeide/plugins/com.st.stm32cube.ide.mcu.externaltools.gnu-tools-for-stm32.10.3-2021.10.win32_1.0.200.202301161003/tools/bin/../lib/gcc/arm-none-eabi/10.3.1/thumb/v7e-m+fp/hard\libgcc.a
LOAD c:/st/stm32cubeide_1.12.0/stm32cubeide/plugins/com.st.stm32cube.ide.mcu.externaltools.gnu-tools-for-stm32.10.3-2021.10.win32_1.0.200.202301161003/tools/bin/../lib/gcc/arm-none-eabi/10.3.1/../../../../arm-none-eabi/lib/thumb/v7e-m+fp/hard\libc_nano.a
LOAD c:/st/stm32cubeide_1.12.0/stm32cubeide/plugins/com.st.stm32cube.ide.mcu.externaltools.gnu-tools-for-stm32.10.3-2021.10.win32_1.0.200.202301161003/tools/bin/../lib/gcc/arm-none-eabi/10.3.1/../../../../arm-none-eabi/lib/thumb/v7e-m+fp/hard\libnosys.a
END GROUP
START GROUP
LOAD c:/st/stm32cubeide_1.12.0/stm32cubeide/plugins/com.st.stm32cube.ide.mcu.externaltools.gnu-tools-for-stm32.10.3-2021.10.win32_1.0.200.202301161003/tools/bin/../lib/gcc/arm-none-eabi/10.3.1/thumb/v7e-m+fp/hard\libgcc.a
LOAD c:/st/stm32cubeide_1.12.0/stm32cubeide/plugins/com.st.stm32cube.ide.mcu.externaltools.gnu-tools-for-stm32.10.3-2021.10.win32_1.0.200.202301161003/tools/bin/../lib/gcc/arm-none-eabi/10.3.1/../../../../arm-none-eabi/lib/thumb/v7e-m+fp/hard\libc_nano.a
LOAD c:/st/stm32cubeide_1.12.0/stm32cubeide/plugins/com.st.stm32cube.ide.mcu.externaltools.gnu-tools-for-stm32.10.3-2021.10.win32_1.0.200.202301161003/tools/bin/../lib/gcc/arm-none-eabi/10.3.1/../../../../arm-none-eabi/lib/thumb/v7e-m+fp/hard\libnosys.a
END GROUP
LOAD c:/st/stm32cubeide_1.12.0/stm32cubeide/plugins/com.st.stm32cube.ide.mcu.externaltools.gnu-tools-for-stm32.10.3-2021.10.win32_1.0.200.202301161003/tools/bin/../lib/gcc/arm-none-eabi/10.3.1/thumb/v7e-m+fp/hard/crtend.o
LOAD c:/st/stm32cubeide_1.12.0/stm32cubeide/plugins/com.st.stm32cube.ide.mcu.externaltools.gnu-tools-for-stm32.10.3-2021.10.win32_1.0.200.202301161003/tools/bin/../lib/gcc/arm-none-eabi/10.3.1/thumb/v7e-m+fp/hard/crtn.o
                0x0000000020030000                _estack = (ORIGIN (RAM) + LENGTH (RAM))
                0x0000000000000200                _Min_Heap_Size = 0x200
                0x0000000000000400                _Min_Stack_Size = 0x400

.isr_vector     0x0000000008000000      0x1ac
                0x0000000008000000                . = ALIGN (0x4)
 *(.isr_vector)
 .isr_vector    0x0000000008000000      0x1ac ./Core/Startup/startup_stm32f429zitx.o
                0x0000000008000000                g_pfnVectors
                0x00000000080001ac                . = ALIGN (0x4)

.text           0x00000000080001b0     0x8af8
                0x00000000080001b0                . = ALIGN (0x4)
 *(.text)
 .text          0x00000000080001b0       0x40 c:/st/stm32cubeide_1.12.0/stm32cubeide/plugins/com.st.stm32cube.ide.mcu.externaltools.gnu-tools-for-stm32.10.3-2021.10.win32_1.0.200.202301161003/tools/bin/../lib/gcc/arm-none-eabi/10.3.1/thumb/v7e-m+fp/hard/crtbegin.o
 .text          0x00000000080001f0       0x10 c:/st/stm32cubeide_1.12.0/stm32cubeide/plugins/com.st.stm32cube.ide.mcu.externaltools.gnu-tools-for-stm32.10.3-2021.10.win32_1.0.200.202301161003/tools/bin/../lib/gcc/arm-none-eabi/10.3.1/../../../../arm-none-eabi/lib/thumb/v7e-m+fp/hard\libc_nano.a(lib_a-strlen.o)
                0x00000000080001f0                strlen
 .text          0x0000000008000200       0xa0 c:/st/stm32cubeide_1.12.0/stm32cubeide/plugins/com.st.stm32cube.ide.mcu.externaltools.gnu-tools-for-stm32.10.3-2021.10.win32_1.0.200.202301161003/tools/bin/../lib/gcc/arm-none-eabi/10.3.1/../../../../arm-none-eabi/lib/thumb/v7e-m+fp/hard\libc_nano.a(lib_a-memchr.o)
                0x0000000008000200                memchr
 .text          0x00000000080002a0       0x30 c:/st/stm32cubeide_1.12.0/stm32cubeide/plugins/com.st.stm32cube.ide.mcu.externaltools.gnu-tools-for-stm32.10.3-2021.10.win32_1.0.200.202301161003/tools/bin/../lib/gcc/arm-none-eabi/10.3.1/thumb/v7e-m+fp/hard\libgcc.a(_aeabi_uldivmod.o)
                0x00000000080002a0                __aeabi_uldivmod
 .text          0x00000000080002d0      0x2d0 c:/st/stm32cubeide_1.12.0/stm32cubeide/plugins/com.st.stm32cube.ide.mcu.externaltools.gnu-tools-for-stm32.10.3-2021.10.win32_1.0.200.202301161003/tools/bin/../lib/gcc/arm-none-eabi/10.3.1/thumb/v7e-m+fp/hard\libgcc.a(_udivmoddi4.o)
                0x00000000080002d0                __udivmoddi4
 .text          0x00000000080005a0        0x4 c:/st/stm32cubeide_1.12.0/stm32cubeide/plugins/com.st.stm32cube.ide.mcu.externaltools.gnu-tools-for-stm32.10.3-2021.10.win32_1.0.200.202301161003/tools/bin/../lib/gcc/arm-none-eabi/10.3.1/thumb/v7e-m+fp/hard\libgcc.a(_dvmd_tls.o)
                0x00000000080005a0                __aeabi_idiv0
                0x00000000080005a0                __aeabi_ldiv0
 *(.text*)
 .text.MX_DMA2D_Init
                0x00000000080005a4       0x64 ./Core/Src/dma2d.o
                0x00000000080005a4                MX_DMA2D_Init
 .text.HAL_DMA2D_MspInit
                0x0000000008000608       0x44 ./Core/Src/dma2d.o
                0x0000000008000608                HAL_DMA2D_MspInit
 .text.MX_FMC_Init
                0x000000000800064c       0x9c ./Core/Src/fmc.o
                0x000000000800064c                MX_FMC_Init
 .text.HAL_FMC_MspInit
                0x00000000080006e8      0x124 ./Core/Src/fmc.o
 .text.HAL_SDRAM_MspInit
                0x000000000800080c       0x14 ./Core/Src/fmc.o
                0x000000000800080c                HAL_SDRAM_MspInit
 .text.MX_GPIO_Init
                0x0000000008000820      0x220 ./Core/Src/gpio.o
                0x0000000008000820                MX_GPIO_Init
 .text.MX_I2C3_Init
                0x0000000008000a40       0x80 ./Core/Src/i2c.o
                0x0000000008000a40                MX_I2C3_Init
 .text.HAL_I2C_MspInit
                0x0000000008000ac0       0xd4 ./Core/Src/i2c.o
                0x0000000008000ac0                HAL_I2C_MspInit
 .text.MX_LTDC_Init
                0x0000000008000b94      0x1f8 ./Core/Src/ltdc.o
                0x0000000008000b94                MX_LTDC_Init
 .text.HAL_LTDC_MspInit
                0x0000000008000d8c      0x25c ./Core/Src/ltdc.o
                0x0000000008000d8c                HAL_LTDC_MspInit
 .text.main     0x0000000008000fe8      0x4cc ./Core/Src/main.o
                0x0000000008000fe8                main
 .text.SystemClock_Config
                0x00000000080014b4       0xe8 ./Core/Src/main.o
                0x00000000080014b4                SystemClock_Config
 .text.ESP8266_Init
                0x000000000800159c       0x74 ./Core/Src/main.o
                0x000000000800159c                ESP8266_Init
 .text.ESP8266_SendData
                0x0000000008001610      0x44c ./Core/Src/main.o
                0x0000000008001610                ESP8266_SendData
 .text.checkBufferCharacters
                0x0000000008001a5c       0x6a ./Core/Src/main.o
                0x0000000008001a5c                checkBufferCharacters
 *fill*         0x0000000008001ac6        0x2 
 .text.delay    0x0000000008001ac8       0x34 ./Core/Src/main.o
                0x0000000008001ac8                delay
 .text.Set_Pin_Output
                0x0000000008001afc       0x3c ./Core/Src/main.o
                0x0000000008001afc                Set_Pin_Output
 .text.Set_Pin_Input
                0x0000000008001b38       0x3c ./Core/Src/main.o
                0x0000000008001b38                Set_Pin_Input
 .text.DHT22_Start
                0x0000000008001b74       0x40 ./Core/Src/main.o
                0x0000000008001b74                DHT22_Start
 .text.DHT22_Check_Response
                0x0000000008001bb4       0x70 ./Core/Src/main.o
                0x0000000008001bb4                DHT22_Check_Response
 .text.DHT22_Read
                0x0000000008001c24       0xa0 ./Core/Src/main.o
                0x0000000008001c24                DHT22_Read
 .text.Error_Handler
                0x0000000008001cc4        0xa ./Core/Src/main.o
                0x0000000008001cc4                Error_Handler
 *fill*         0x0000000008001cce        0x2 
 .text.MX_RTC_Init
                0x0000000008001cd0       0xb4 ./Core/Src/rtc.o
                0x0000000008001cd0                MX_RTC_Init
 .text.HAL_RTC_MspInit
                0x0000000008001d84       0x54 ./Core/Src/rtc.o
                0x0000000008001d84                HAL_RTC_MspInit
 .text.MX_SPI5_Init
                0x0000000008001dd8       0x6c ./Core/Src/spi.o
                0x0000000008001dd8                MX_SPI5_Init
 .text.HAL_SPI_MspInit
                0x0000000008001e44       0x90 ./Core/Src/spi.o
                0x0000000008001e44                HAL_SPI_MspInit
 .text.HAL_SPI_MspDeInit
                0x0000000008001ed4       0x3c ./Core/Src/spi.o
                0x0000000008001ed4                HAL_SPI_MspDeInit
 .text.HAL_MspInit
                0x0000000008001f10       0x50 ./Core/Src/stm32f4xx_hal_msp.o
                0x0000000008001f10                HAL_MspInit
 .text.NMI_Handler
                0x0000000008001f60        0xa ./Core/Src/stm32f4xx_it.o
                0x0000000008001f60                NMI_Handler
 .text.HardFault_Handler
                0x0000000008001f6a        0x6 ./Core/Src/stm32f4xx_it.o
                0x0000000008001f6a                HardFault_Handler
 .text.MemManage_Handler
                0x0000000008001f70        0x6 ./Core/Src/stm32f4xx_it.o
                0x0000000008001f70                MemManage_Handler
 .text.BusFault_Handler
                0x0000000008001f76        0x6 ./Core/Src/stm32f4xx_it.o
                0x0000000008001f76                BusFault_Handler
 .text.UsageFault_Handler
                0x0000000008001f7c        0x6 ./Core/Src/stm32f4xx_it.o
                0x0000000008001f7c                UsageFault_Handler
 .text.SVC_Handler
                0x0000000008001f82        0xe ./Core/Src/stm32f4xx_it.o
                0x0000000008001f82                SVC_Handler
 .text.DebugMon_Handler
                0x0000000008001f90        0xe ./Core/Src/stm32f4xx_it.o
                0x0000000008001f90                DebugMon_Handler
 .text.PendSV_Handler
                0x0000000008001f9e        0xe ./Core/Src/stm32f4xx_it.o
                0x0000000008001f9e                PendSV_Handler
 .text.SysTick_Handler
                0x0000000008001fac        0xc ./Core/Src/stm32f4xx_it.o
                0x0000000008001fac                SysTick_Handler
 .text.LTDC_IRQHandler
                0x0000000008001fb8       0x14 ./Core/Src/stm32f4xx_it.o
                0x0000000008001fb8                LTDC_IRQHandler
 .text._sbrk    0x0000000008001fcc       0x6c ./Core/Src/sysmem.o
                0x0000000008001fcc                _sbrk
 .text.SystemInit
                0x0000000008002038       0x24 ./Core/Src/system_stm32f4xx.o
                0x0000000008002038                SystemInit
 .text.MX_TIM6_Init
                0x000000000800205c       0x6c ./Core/Src/tim.o
                0x000000000800205c                MX_TIM6_Init
 .text.HAL_TIM_Base_MspInit
                0x00000000080020c8       0x44 ./Core/Src/tim.o
                0x00000000080020c8                HAL_TIM_Base_MspInit
 .text.MX_USART1_UART_Init
                0x000000000800210c       0x54 ./Core/Src/usart.o
                0x000000000800210c                MX_USART1_UART_Init
 .text.HAL_UART_MspInit
                0x0000000008002160       0x90 ./Core/Src/usart.o
                0x0000000008002160                HAL_UART_MspInit
 .text.Reset_Handler
                0x00000000080021f0       0x50 ./Core/Startup/startup_stm32f429zitx.o
                0x00000000080021f0                Reset_Handler
 .text.Default_Handler
                0x0000000008002240        0x2 ./Core/Startup/startup_stm32f429zitx.o
                0x0000000008002240                RTC_Alarm_IRQHandler
                0x0000000008002240                HASH_RNG_IRQHandler
                0x0000000008002240                EXTI2_IRQHandler
                0x0000000008002240                TIM8_CC_IRQHandler
                0x0000000008002240                UART8_IRQHandler
                0x0000000008002240                SPI4_IRQHandler
                0x0000000008002240                TIM1_CC_IRQHandler
                0x0000000008002240                DMA2_Stream5_IRQHandler
                0x0000000008002240                DMA1_Stream5_IRQHandler
                0x0000000008002240                PVD_IRQHandler
                0x0000000008002240                SDIO_IRQHandler
                0x0000000008002240                TAMP_STAMP_IRQHandler
                0x0000000008002240                CAN2_RX1_IRQHandler
                0x0000000008002240                EXTI3_IRQHandler
                0x0000000008002240                TIM8_TRG_COM_TIM14_IRQHandler
                0x0000000008002240                TIM1_UP_TIM10_IRQHandler
                0x0000000008002240                TIM8_UP_TIM13_IRQHandler
                0x0000000008002240                I2C3_ER_IRQHandler
                0x0000000008002240                EXTI0_IRQHandler
                0x0000000008002240                I2C2_EV_IRQHandler
                0x0000000008002240                DMA1_Stream2_IRQHandler
                0x0000000008002240                CAN1_RX0_IRQHandler
                0x0000000008002240                FPU_IRQHandler
                0x0000000008002240                OTG_HS_WKUP_IRQHandler
                0x0000000008002240                LTDC_ER_IRQHandler
                0x0000000008002240                CAN2_SCE_IRQHandler
                0x0000000008002240                DMA2_Stream2_IRQHandler
                0x0000000008002240                SPI1_IRQHandler
                0x0000000008002240                TIM6_DAC_IRQHandler
                0x0000000008002240                TIM1_BRK_TIM9_IRQHandler
                0x0000000008002240                DCMI_IRQHandler
                0x0000000008002240                CAN2_RX0_IRQHandler
                0x0000000008002240                DMA2_Stream3_IRQHandler
                0x0000000008002240                USART6_IRQHandler
                0x0000000008002240                USART3_IRQHandler
                0x0000000008002240                CAN1_RX1_IRQHandler
                0x0000000008002240                UART5_IRQHandler
                0x0000000008002240                DMA2_Stream0_IRQHandler
                0x0000000008002240                TIM4_IRQHandler
                0x0000000008002240                I2C1_EV_IRQHandler
                0x0000000008002240                DMA1_Stream6_IRQHandler
                0x0000000008002240                DMA1_Stream1_IRQHandler
                0x0000000008002240                UART4_IRQHandler
                0x0000000008002240                TIM3_IRQHandler
                0x0000000008002240                RCC_IRQHandler
                0x0000000008002240                TIM8_BRK_TIM12_IRQHandler
                0x0000000008002240                Default_Handler
                0x0000000008002240                EXTI15_10_IRQHandler
                0x0000000008002240                ADC_IRQHandler
                0x0000000008002240                DMA1_Stream7_IRQHandler
                0x0000000008002240                SPI5_IRQHandler
                0x0000000008002240                TIM7_IRQHandler
                0x0000000008002240                CAN2_TX_IRQHandler
                0x0000000008002240                TIM5_IRQHandler
                0x0000000008002240                DMA2_Stream7_IRQHandler
                0x0000000008002240                I2C3_EV_IRQHandler
                0x0000000008002240                EXTI9_5_IRQHandler
                0x0000000008002240                RTC_WKUP_IRQHandler
                0x0000000008002240                ETH_WKUP_IRQHandler
                0x0000000008002240                SPI2_IRQHandler
                0x0000000008002240                OTG_HS_EP1_IN_IRQHandler
                0x0000000008002240                DMA1_Stream0_IRQHandler
                0x0000000008002240                CAN1_TX_IRQHandler
                0x0000000008002240                EXTI4_IRQHandler
                0x0000000008002240                ETH_IRQHandler
                0x0000000008002240                OTG_HS_EP1_OUT_IRQHandler
                0x0000000008002240                WWDG_IRQHandler
                0x0000000008002240                SPI6_IRQHandler
                0x0000000008002240                TIM2_IRQHandler
                0x0000000008002240                OTG_FS_WKUP_IRQHandler
                0x0000000008002240                TIM1_TRG_COM_TIM11_IRQHandler
                0x0000000008002240                OTG_HS_IRQHandler
                0x0000000008002240                DMA2D_IRQHandler
                0x0000000008002240                EXTI1_IRQHandler
                0x0000000008002240                UART7_IRQHandler
                0x0000000008002240                USART2_IRQHandler
                0x0000000008002240                I2C2_ER_IRQHandler
                0x0000000008002240                DMA2_Stream1_IRQHandler
                0x0000000008002240                CAN1_SCE_IRQHandler
                0x0000000008002240                FLASH_IRQHandler
                0x0000000008002240                DMA2_Stream4_IRQHandler
                0x0000000008002240                USART1_IRQHandler
                0x0000000008002240                OTG_FS_IRQHandler
                0x0000000008002240                SPI3_IRQHandler
                0x0000000008002240                DMA1_Stream4_IRQHandler
                0x0000000008002240                I2C1_ER_IRQHandler
                0x0000000008002240                FMC_IRQHandler
                0x0000000008002240                DMA2_Stream6_IRQHandler
                0x0000000008002240                SAI1_IRQHandler
                0x0000000008002240                DMA1_Stream3_IRQHandler
 *fill*         0x0000000008002242        0x2 
 .text.HAL_Init
                0x0000000008002244       0x44 ./Drivers/STM32F4xx_HAL_Driver/Src/stm32f4xx_hal.o
                0x0000000008002244                HAL_Init
 .text.HAL_InitTick
                0x0000000008002288       0x60 ./Drivers/STM32F4xx_HAL_Driver/Src/stm32f4xx_hal.o
                0x0000000008002288                HAL_InitTick
 .text.HAL_IncTick
                0x00000000080022e8       0x28 ./Drivers/STM32F4xx_HAL_Driver/Src/stm32f4xx_hal.o
                0x00000000080022e8                HAL_IncTick
 .text.HAL_GetTick
                0x0000000008002310       0x18 ./Drivers/STM32F4xx_HAL_Driver/Src/stm32f4xx_hal.o
                0x0000000008002310                HAL_GetTick
 .text.HAL_Delay
                0x0000000008002328       0x48 ./Drivers/STM32F4xx_HAL_Driver/Src/stm32f4xx_hal.o
                0x0000000008002328                HAL_Delay
 .text.__NVIC_SetPriorityGrouping
                0x0000000008002370       0x48 ./Drivers/STM32F4xx_HAL_Driver/Src/stm32f4xx_hal_cortex.o
 .text.__NVIC_GetPriorityGrouping
                0x00000000080023b8       0x1c ./Drivers/STM32F4xx_HAL_Driver/Src/stm32f4xx_hal_cortex.o
 .text.__NVIC_EnableIRQ
                0x00000000080023d4       0x3c ./Drivers/STM32F4xx_HAL_Driver/Src/stm32f4xx_hal_cortex.o
 .text.__NVIC_SetPriority
                0x0000000008002410       0x54 ./Drivers/STM32F4xx_HAL_Driver/Src/stm32f4xx_hal_cortex.o
 .text.NVIC_EncodePriority
                0x0000000008002464       0x66 ./Drivers/STM32F4xx_HAL_Driver/Src/stm32f4xx_hal_cortex.o
 *fill*         0x00000000080024ca        0x2 
 .text.SysTick_Config
                0x00000000080024cc       0x44 ./Drivers/STM32F4xx_HAL_Driver/Src/stm32f4xx_hal_cortex.o
 .text.HAL_NVIC_SetPriorityGrouping
                0x0000000008002510       0x16 ./Drivers/STM32F4xx_HAL_Driver/Src/stm32f4xx_hal_cortex.o
                0x0000000008002510                HAL_NVIC_SetPriorityGrouping
 .text.HAL_NVIC_SetPriority
                0x0000000008002526       0x38 ./Drivers/STM32F4xx_HAL_Driver/Src/stm32f4xx_hal_cortex.o
                0x0000000008002526                HAL_NVIC_SetPriority
 .text.HAL_NVIC_EnableIRQ
                0x000000000800255e       0x1c ./Drivers/STM32F4xx_HAL_Driver/Src/stm32f4xx_hal_cortex.o
                0x000000000800255e                HAL_NVIC_EnableIRQ
 .text.HAL_SYSTICK_Config
                0x000000000800257a       0x18 ./Drivers/STM32F4xx_HAL_Driver/Src/stm32f4xx_hal_cortex.o
                0x000000000800257a                HAL_SYSTICK_Config
 *fill*         0x0000000008002592        0x2 
 .text.HAL_DMA_Init
                0x0000000008002594      0x15c ./Drivers/STM32F4xx_HAL_Driver/Src/stm32f4xx_hal_dma.o
                0x0000000008002594                HAL_DMA_Init
 .text.HAL_DMA_DeInit
                0x00000000080026f0       0xbc ./Drivers/STM32F4xx_HAL_Driver/Src/stm32f4xx_hal_dma.o
                0x00000000080026f0                HAL_DMA_DeInit
 .text.DMA_CalcBaseAndBitshift
                0x00000000080027ac       0x6c ./Drivers/STM32F4xx_HAL_Driver/Src/stm32f4xx_hal_dma.o
 .text.DMA_CheckFifoParam
                0x0000000008002818       0xf8 ./Drivers/STM32F4xx_HAL_Driver/Src/stm32f4xx_hal_dma.o
 .text.HAL_DMA2D_Init
                0x0000000008002910       0x92 ./Drivers/STM32F4xx_HAL_Driver/Src/stm32f4xx_hal_dma2d.o
                0x0000000008002910                HAL_DMA2D_Init
 .text.HAL_DMA2D_Start
                0x00000000080029a2       0x56 ./Drivers/STM32F4xx_HAL_Driver/Src/stm32f4xx_hal_dma2d.o
                0x00000000080029a2                HAL_DMA2D_Start
 .text.HAL_DMA2D_PollForTransfer
                0x00000000080029f8      0x1d2 ./Drivers/STM32F4xx_HAL_Driver/Src/stm32f4xx_hal_dma2d.o
                0x00000000080029f8                HAL_DMA2D_PollForTransfer
 *fill*         0x0000000008002bca        0x2 
 .text.HAL_DMA2D_ConfigLayer
                0x0000000008002bcc      0x124 ./Drivers/STM32F4xx_HAL_Driver/Src/stm32f4xx_hal_dma2d.o
                0x0000000008002bcc                HAL_DMA2D_ConfigLayer
 .text.DMA2D_SetConfig
                0x0000000008002cf0      0x138 ./Drivers/STM32F4xx_HAL_Driver/Src/stm32f4xx_hal_dma2d.o
 .text.HAL_GPIO_Init
                0x0000000008002e28      0x358 ./Drivers/STM32F4xx_HAL_Driver/Src/stm32f4xx_hal_gpio.o
                0x0000000008002e28                HAL_GPIO_Init
 .text.HAL_GPIO_DeInit
                0x0000000008003180      0x218 ./Drivers/STM32F4xx_HAL_Driver/Src/stm32f4xx_hal_gpio.o
                0x0000000008003180                HAL_GPIO_DeInit
 .text.HAL_GPIO_ReadPin
                0x0000000008003398       0x30 ./Drivers/STM32F4xx_HAL_Driver/Src/stm32f4xx_hal_gpio.o
                0x0000000008003398                HAL_GPIO_ReadPin
 .text.HAL_GPIO_WritePin
                0x00000000080033c8       0x32 ./Drivers/STM32F4xx_HAL_Driver/Src/stm32f4xx_hal_gpio.o
                0x00000000080033c8                HAL_GPIO_WritePin
 *fill*         0x00000000080033fa        0x2 
 .text.HAL_I2C_Init
                0x00000000080033fc      0x288 ./Drivers/STM32F4xx_HAL_Driver/Src/stm32f4xx_hal_i2c.o
                0x00000000080033fc                HAL_I2C_Init
 .text.HAL_I2CEx_ConfigAnalogFilter
                0x0000000008003684       0x78 ./Drivers/STM32F4xx_HAL_Driver/Src/stm32f4xx_hal_i2c_ex.o
                0x0000000008003684                HAL_I2CEx_ConfigAnalogFilter
 .text.HAL_I2CEx_ConfigDigitalFilter
                0x00000000080036fc       0x7e ./Drivers/STM32F4xx_HAL_Driver/Src/stm32f4xx_hal_i2c_ex.o
                0x00000000080036fc                HAL_I2CEx_ConfigDigitalFilter
 *fill*         0x000000000800377a        0x2 
 .text.HAL_LTDC_Init
                0x000000000800377c      0x1a0 ./Drivers/STM32F4xx_HAL_Driver/Src/stm32f4xx_hal_ltdc.o
                0x000000000800377c                HAL_LTDC_Init
 .text.HAL_LTDC_IRQHandler
                0x000000000800391c      0x148 ./Drivers/STM32F4xx_HAL_Driver/Src/stm32f4xx_hal_ltdc.o
                0x000000000800391c                HAL_LTDC_IRQHandler
 .text.HAL_LTDC_ErrorCallback
                0x0000000008003a64       0x14 ./Drivers/STM32F4xx_HAL_Driver/Src/stm32f4xx_hal_ltdc.o
                0x0000000008003a64                HAL_LTDC_ErrorCallback
 .text.HAL_LTDC_LineEventCallback
                0x0000000008003a78       0x14 ./Drivers/STM32F4xx_HAL_Driver/Src/stm32f4xx_hal_ltdc.o
                0x0000000008003a78                HAL_LTDC_LineEventCallback
 .text.HAL_LTDC_ReloadEventCallback
                0x0000000008003a8c       0x14 ./Drivers/STM32F4xx_HAL_Driver/Src/stm32f4xx_hal_ltdc.o
                0x0000000008003a8c                HAL_LTDC_ReloadEventCallback
 .text.HAL_LTDC_ConfigLayer
                0x0000000008003aa0       0x7c ./Drivers/STM32F4xx_HAL_Driver/Src/stm32f4xx_hal_ltdc.o
                0x0000000008003aa0                HAL_LTDC_ConfigLayer
 .text.HAL_LTDC_EnableDither
                0x0000000008003b1c       0x54 ./Drivers/STM32F4xx_HAL_Driver/Src/stm32f4xx_hal_ltdc.o
                0x0000000008003b1c                HAL_LTDC_EnableDither
 .text.LTDC_SetConfig
                0x0000000008003b70      0x32e ./Drivers/STM32F4xx_HAL_Driver/Src/stm32f4xx_hal_ltdc.o
 *fill*         0x0000000008003e9e        0x2 
 .text.HAL_PWREx_EnableOverDrive
                0x0000000008003ea0       0xa0 ./Drivers/STM32F4xx_HAL_Driver/Src/stm32f4xx_hal_pwr_ex.o
                0x0000000008003ea0                HAL_PWREx_EnableOverDrive
 .text.HAL_RCC_OscConfig
                0x0000000008003f40      0x4f0 ./Drivers/STM32F4xx_HAL_Driver/Src/stm32f4xx_hal_rcc.o
                0x0000000008003f40                HAL_RCC_OscConfig
 .text.HAL_RCC_ClockConfig
                0x0000000008004430      0x1cc ./Drivers/STM32F4xx_HAL_Driver/Src/stm32f4xx_hal_rcc.o
                0x0000000008004430                HAL_RCC_ClockConfig
 .text.HAL_RCC_EnableCSS
                0x00000000080045fc       0x18 ./Drivers/STM32F4xx_HAL_Driver/Src/stm32f4xx_hal_rcc.o
                0x00000000080045fc                HAL_RCC_EnableCSS
 .text.HAL_RCC_GetSysClockFreq
                0x0000000008004614      0x20c ./Drivers/STM32F4xx_HAL_Driver/Src/stm32f4xx_hal_rcc.o
                0x0000000008004614                HAL_RCC_GetSysClockFreq
 .text.HAL_RCC_GetHCLKFreq
                0x0000000008004820       0x18 ./Drivers/STM32F4xx_HAL_Driver/Src/stm32f4xx_hal_rcc.o
                0x0000000008004820                HAL_RCC_GetHCLKFreq
 .text.HAL_RCC_GetPCLK1Freq
                0x0000000008004838       0x28 ./Drivers/STM32F4xx_HAL_Driver/Src/stm32f4xx_hal_rcc.o
                0x0000000008004838                HAL_RCC_GetPCLK1Freq
 .text.HAL_RCC_GetPCLK2Freq
                0x0000000008004860       0x28 ./Drivers/STM32F4xx_HAL_Driver/Src/stm32f4xx_hal_rcc.o
                0x0000000008004860                HAL_RCC_GetPCLK2Freq
 .text.HAL_RCC_NMI_IRQHandler
                0x0000000008004888       0x28 ./Drivers/STM32F4xx_HAL_Driver/Src/stm32f4xx_hal_rcc.o
                0x0000000008004888                HAL_RCC_NMI_IRQHandler
 .text.HAL_RCC_CSSCallback
                0x00000000080048b0        0xe ./Drivers/STM32F4xx_HAL_Driver/Src/stm32f4xx_hal_rcc.o
                0x00000000080048b0                HAL_RCC_CSSCallback
 *fill*         0x00000000080048be        0x2 
 .text.HAL_RCCEx_PeriphCLKConfig
                0x00000000080048c0      0x380 ./Drivers/STM32F4xx_HAL_Driver/Src/stm32f4xx_hal_rcc_ex.o
                0x00000000080048c0                HAL_RCCEx_PeriphCLKConfig
 .text.HAL_RTC_Init
                0x0000000008004c40       0xec ./Drivers/STM32F4xx_HAL_Driver/Src/stm32f4xx_hal_rtc.o
                0x0000000008004c40                HAL_RTC_Init
 .text.HAL_RTC_SetTime
                0x0000000008004d2c      0x134 ./Drivers/STM32F4xx_HAL_Driver/Src/stm32f4xx_hal_rtc.o
                0x0000000008004d2c                HAL_RTC_SetTime
 .text.HAL_RTC_GetTime
                0x0000000008004e60       0xbc ./Drivers/STM32F4xx_HAL_Driver/Src/stm32f4xx_hal_rtc.o
                0x0000000008004e60                HAL_RTC_GetTime
 .text.HAL_RTC_SetDate
                0x0000000008004f1c      0x108 ./Drivers/STM32F4xx_HAL_Driver/Src/stm32f4xx_hal_rtc.o
                0x0000000008004f1c                HAL_RTC_SetDate
 .text.HAL_RTC_GetDate
                0x0000000008005024       0x9e ./Drivers/STM32F4xx_HAL_Driver/Src/stm32f4xx_hal_rtc.o
                0x0000000008005024                HAL_RTC_GetDate
 .text.HAL_RTC_WaitForSynchro
                0x00000000080050c2       0x50 ./Drivers/STM32F4xx_HAL_Driver/Src/stm32f4xx_hal_rtc.o
                0x00000000080050c2                HAL_RTC_WaitForSynchro
 .text.RTC_EnterInitMode
                0x0000000008005112       0x6e ./Drivers/STM32F4xx_HAL_Driver/Src/stm32f4xx_hal_rtc.o
                0x0000000008005112                RTC_EnterInitMode
 .text.RTC_ExitInitMode
                0x0000000008005180       0x4a ./Drivers/STM32F4xx_HAL_Driver/Src/stm32f4xx_hal_rtc.o
                0x0000000008005180                RTC_ExitInitMode
 .text.RTC_ByteToBcd2
                0x00000000080051ca       0x3a ./Drivers/STM32F4xx_HAL_Driver/Src/stm32f4xx_hal_rtc.o
                0x00000000080051ca                RTC_ByteToBcd2
 .text.RTC_Bcd2ToByte
                0x0000000008005204       0x38 ./Drivers/STM32F4xx_HAL_Driver/Src/stm32f4xx_hal_rtc.o
                0x0000000008005204                RTC_Bcd2ToByte
 .text.HAL_SDRAM_Init
                0x000000000800523c       0x68 ./Drivers/STM32F4xx_HAL_Driver/Src/stm32f4xx_hal_sdram.o
                0x000000000800523c                HAL_SDRAM_Init
 .text.HAL_SDRAM_SendCommand
                0x00000000080052a4       0x6a ./Drivers/STM32F4xx_HAL_Driver/Src/stm32f4xx_hal_sdram.o
                0x00000000080052a4                HAL_SDRAM_SendCommand
 .text.HAL_SDRAM_ProgramRefreshRate
                0x000000000800530e       0x50 ./Drivers/STM32F4xx_HAL_Driver/Src/stm32f4xx_hal_sdram.o
                0x000000000800530e                HAL_SDRAM_ProgramRefreshRate
 .text.HAL_SPI_Init
                0x000000000800535e      0x112 ./Drivers/STM32F4xx_HAL_Driver/Src/stm32f4xx_hal_spi.o
                0x000000000800535e                HAL_SPI_Init
 .text.HAL_SPI_DeInit
                0x0000000008005470       0x50 ./Drivers/STM32F4xx_HAL_Driver/Src/stm32f4xx_hal_spi.o
                0x0000000008005470                HAL_SPI_DeInit
 .text.HAL_SPI_Transmit
                0x00000000080054c0      0x278 ./Drivers/STM32F4xx_HAL_Driver/Src/stm32f4xx_hal_spi.o
                0x00000000080054c0                HAL_SPI_Transmit
 .text.HAL_SPI_Receive
                0x0000000008005738      0x222 ./Drivers/STM32F4xx_HAL_Driver/Src/stm32f4xx_hal_spi.o
                0x0000000008005738                HAL_SPI_Receive
 .text.HAL_SPI_TransmitReceive
                0x000000000800595a      0x344 ./Drivers/STM32F4xx_HAL_Driver/Src/stm32f4xx_hal_spi.o
                0x000000000800595a                HAL_SPI_TransmitReceive
 .text.HAL_SPI_GetState
                0x0000000008005c9e       0x1c ./Drivers/STM32F4xx_HAL_Driver/Src/stm32f4xx_hal_spi.o
                0x0000000008005c9e                HAL_SPI_GetState
 *fill*         0x0000000008005cba        0x2 
 .text.SPI_WaitFlagStateUntilTimeout
                0x0000000008005cbc      0x110 ./Drivers/STM32F4xx_HAL_Driver/Src/stm32f4xx_hal_spi.o
 .text.SPI_EndRxTransaction
                0x0000000008005dcc       0xca ./Drivers/STM32F4xx_HAL_Driver/Src/stm32f4xx_hal_spi.o
 *fill*         0x0000000008005e96        0x2 
 .text.SPI_EndRxTxTransaction
                0x0000000008005e98       0x84 ./Drivers/STM32F4xx_HAL_Driver/Src/stm32f4xx_hal_spi.o
 .text.HAL_TIM_Base_Init
                0x0000000008005f1c       0x9e ./Drivers/STM32F4xx_HAL_Driver/Src/stm32f4xx_hal_tim.o
                0x0000000008005f1c                HAL_TIM_Base_Init
 *fill*         0x0000000008005fba        0x2 
 .text.HAL_TIM_Base_Start
                0x0000000008005fbc       0xd0 ./Drivers/STM32F4xx_HAL_Driver/Src/stm32f4xx_hal_tim.o
                0x0000000008005fbc                HAL_TIM_Base_Start
 .text.TIM_Base_SetConfig
                0x000000000800608c      0x140 ./Drivers/STM32F4xx_HAL_Driver/Src/stm32f4xx_hal_tim.o
                0x000000000800608c                TIM_Base_SetConfig
 .text.HAL_TIMEx_MasterConfigSynchronization
                0x00000000080061cc       0xf8 ./Drivers/STM32F4xx_HAL_Driver/Src/stm32f4xx_hal_tim_ex.o
                0x00000000080061cc                HAL_TIMEx_MasterConfigSynchronization
 .text.HAL_UART_Init
                0x00000000080062c4       0x9a ./Drivers/STM32F4xx_HAL_Driver/Src/stm32f4xx_hal_uart.o
                0x00000000080062c4                HAL_UART_Init
 .text.HAL_UART_Transmit
                0x000000000800635e      0x124 ./Drivers/STM32F4xx_HAL_Driver/Src/stm32f4xx_hal_uart.o
                0x000000000800635e                HAL_UART_Transmit
 .text.HAL_UART_Receive
                0x0000000008006482      0x144 ./Drivers/STM32F4xx_HAL_Driver/Src/stm32f4xx_hal_uart.o
                0x0000000008006482                HAL_UART_Receive
 .text.UART_WaitOnFlagUntilTimeout
                0x00000000080065c6       0xdc ./Drivers/STM32F4xx_HAL_Driver/Src/stm32f4xx_hal_uart.o
 *fill*         0x00000000080066a2        0x2 
 .text.UART_SetConfig
                0x00000000080066a4      0x4e8 ./Drivers/STM32F4xx_HAL_Driver/Src/stm32f4xx_hal_uart.o
 .text.FMC_SDRAM_Init
                0x0000000008006b8c       0xba ./Drivers/STM32F4xx_HAL_Driver/Src/stm32f4xx_ll_fmc.o
                0x0000000008006b8c                FMC_SDRAM_Init
 .text.FMC_SDRAM_Timing_Init
                0x0000000008006c46       0xd2 ./Drivers/STM32F4xx_HAL_Driver/Src/stm32f4xx_ll_fmc.o
                0x0000000008006c46                FMC_SDRAM_Timing_Init
 .text.FMC_SDRAM_SendCommand
                0x0000000008006d18       0x7a ./Drivers/STM32F4xx_HAL_Driver/Src/stm32f4xx_ll_fmc.o
                0x0000000008006d18                FMC_SDRAM_SendCommand
 .text.FMC_SDRAM_ProgramRefreshRate
                0x0000000008006d92       0x2e ./Drivers/STM32F4xx_HAL_Driver/Src/stm32f4xx_ll_fmc.o
                0x0000000008006d92                FMC_SDRAM_ProgramRefreshRate
 .text.ili9341_Init
                0x0000000008006dc0      0x294 ./user_Driver/ili9341/ili9341.o
                0x0000000008006dc0                ili9341_Init
 .text.ili9341_ReadID
                0x0000000008007054       0x18 ./user_Driver/ili9341/ili9341.o
                0x0000000008007054                ili9341_ReadID
 .text.ili9341_DisplayOn
                0x000000000800706c        0xe ./user_Driver/ili9341/ili9341.o
                0x000000000800706c                ili9341_DisplayOn
 .text.ili9341_DisplayOff
                0x000000000800707a        0xe ./user_Driver/ili9341/ili9341.o
                0x000000000800707a                ili9341_DisplayOff
 .text.ili9341_WriteReg
                0x0000000008007088       0x1a ./user_Driver/ili9341/ili9341.o
                0x0000000008007088                ili9341_WriteReg
 .text.ili9341_WriteData
                0x00000000080070a2       0x1a ./user_Driver/ili9341/ili9341.o
                0x00000000080070a2                ili9341_WriteData
 .text.ili9341_ReadData
                0x00000000080070bc       0x26 ./user_Driver/ili9341/ili9341.o
                0x00000000080070bc                ili9341_ReadData
 .text.ili9341_GetLcdPixelWidth
                0x00000000080070e2       0x10 ./user_Driver/ili9341/ili9341.o
                0x00000000080070e2                ili9341_GetLcdPixelWidth
 .text.ili9341_GetLcdPixelHeight
                0x00000000080070f2       0x12 ./user_Driver/ili9341/ili9341.o
                0x00000000080070f2                ili9341_GetLcdPixelHeight
 .text.SPIx_Init
                0x0000000008007104       0x74 ./user_Driver/stm32f429i_discovery.o
 .text.SPIx_Read
                0x0000000008007178       0x40 ./user_Driver/stm32f429i_discovery.o
 .text.SPIx_Write
                0x00000000080071b8       0x3c ./user_Driver/stm32f429i_discovery.o
 .text.SPIx_Error
                0x00000000080071f4       0x18 ./user_Driver/stm32f429i_discovery.o
 .text.SPIx_MspInit
                0x000000000800720c       0x74 ./user_Driver/stm32f429i_discovery.o
 .text.LCD_IO_Init
                0x0000000008007280       0xf0 ./user_Driver/stm32f429i_discovery.o
                0x0000000008007280                LCD_IO_Init
 .text.LCD_IO_WriteData
                0x0000000008007370       0x44 ./user_Driver/stm32f429i_discovery.o
                0x0000000008007370                LCD_IO_WriteData
 .text.LCD_IO_WriteReg
                0x00000000080073b4       0x44 ./user_Driver/stm32f429i_discovery.o
                0x00000000080073b4                LCD_IO_WriteReg
 .text.LCD_IO_ReadData
                0x00000000080073f8       0x64 ./user_Driver/stm32f429i_discovery.o
                0x00000000080073f8                LCD_IO_ReadData
 .text.LCD_Delay
                0x000000000800745c       0x16 ./user_Driver/stm32f429i_discovery.o
                0x000000000800745c                LCD_Delay
 *fill*         0x0000000008007472        0x2 
 .text.BSP_LCD_Init
                0x0000000008007474       0xd4 ./user_Driver/stm32f429i_discovery_lcd.o
                0x0000000008007474                BSP_LCD_Init
 .text.BSP_LCD_GetXSize
                0x0000000008007548       0x18 ./user_Driver/stm32f429i_discovery_lcd.o
                0x0000000008007548                BSP_LCD_GetXSize
 .text.BSP_LCD_GetYSize
                0x0000000008007560       0x18 ./user_Driver/stm32f429i_discovery_lcd.o
                0x0000000008007560                BSP_LCD_GetYSize
 .text.BSP_LCD_LayerDefaultInit
                0x0000000008007578       0xc8 ./user_Driver/stm32f429i_discovery_lcd.o
                0x0000000008007578                BSP_LCD_LayerDefaultInit
 .text.BSP_LCD_SelectLayer
                0x0000000008007640       0x20 ./user_Driver/stm32f429i_discovery_lcd.o
                0x0000000008007640                BSP_LCD_SelectLayer
 .text.BSP_LCD_SetTextColor
                0x0000000008007660       0x30 ./user_Driver/stm32f429i_discovery_lcd.o
                0x0000000008007660                BSP_LCD_SetTextColor
 .text.BSP_LCD_SetBackColor
                0x0000000008007690       0x34 ./user_Driver/stm32f429i_discovery_lcd.o
                0x0000000008007690                BSP_LCD_SetBackColor
 .text.BSP_LCD_SetFont
                0x00000000080076c4       0x34 ./user_Driver/stm32f429i_discovery_lcd.o
                0x00000000080076c4                BSP_LCD_SetFont
 .text.BSP_LCD_GetFont
                0x00000000080076f8       0x2c ./user_Driver/stm32f429i_discovery_lcd.o
                0x00000000080076f8                BSP_LCD_GetFont
 .text.BSP_LCD_Clear
                0x0000000008007724       0x50 ./user_Driver/stm32f429i_discovery_lcd.o
                0x0000000008007724                BSP_LCD_Clear
 .text.BSP_LCD_DisplayChar
                0x0000000008007774       0x88 ./user_Driver/stm32f429i_discovery_lcd.o
                0x0000000008007774                BSP_LCD_DisplayChar
 .text.BSP_LCD_DisplayStringAt
                0x00000000080077fc      0x17c ./user_Driver/stm32f429i_discovery_lcd.o
                0x00000000080077fc                BSP_LCD_DisplayStringAt
 .text.BSP_LCD_DisplayStringAtLine
                0x0000000008007978       0x2e ./user_Driver/stm32f429i_discovery_lcd.o
                0x0000000008007978                BSP_LCD_DisplayStringAtLine
 *fill*         0x00000000080079a6        0x2 
 .text.BSP_LCD_DrawHLine
                0x00000000080079a8       0x7c ./user_Driver/stm32f429i_discovery_lcd.o
                0x00000000080079a8                BSP_LCD_DrawHLine
 .text.BSP_LCD_DrawVLine
                0x0000000008007a24       0x84 ./user_Driver/stm32f429i_discovery_lcd.o
                0x0000000008007a24                BSP_LCD_DrawVLine
 .text.BSP_LCD_DrawRect
                0x0000000008007aa8       0x62 ./user_Driver/stm32f429i_discovery_lcd.o
                0x0000000008007aa8                BSP_LCD_DrawRect
 *fill*         0x0000000008007b0a        0x2 
 .text.BSP_LCD_FillRect
                0x0000000008007b0c       0xb4 ./user_Driver/stm32f429i_discovery_lcd.o
                0x0000000008007b0c                BSP_LCD_FillRect
 .text.BSP_LCD_DisplayOn
                0x0000000008007bc0       0x20 ./user_Driver/stm32f429i_discovery_lcd.o
                0x0000000008007bc0                BSP_LCD_DisplayOn
 .text.BSP_LCD_MspInit
                0x0000000008007be0      0x1ac ./user_Driver/stm32f429i_discovery_lcd.o
                0x0000000008007be0                BSP_LCD_MspInit
 .text.BSP_LCD_DrawPixel
                0x0000000008007d8c       0x4c ./user_Driver/stm32f429i_discovery_lcd.o
                0x0000000008007d8c                BSP_LCD_DrawPixel
 .text.DrawChar
                0x0000000008007dd8      0x174 ./user_Driver/stm32f429i_discovery_lcd.o
 .text.FillBuffer
                0x0000000008007f4c       0x70 ./user_Driver/stm32f429i_discovery_lcd.o
 .text.BSP_SDRAM_Init
                0x0000000008007fbc       0xbc ./user_Driver/stm32f429i_discovery_sdram.o
                0x0000000008007fbc                BSP_SDRAM_Init
 .text.BSP_SDRAM_Initialization_sequence
                0x0000000008008078       0xc0 ./user_Driver/stm32f429i_discovery_sdram.o
                0x0000000008008078                BSP_SDRAM_Initialization_sequence
 .text.BSP_SDRAM_MspInit
                0x0000000008008138      0x218 ./user_Driver/stm32f429i_discovery_sdram.o
                0x0000000008008138                BSP_SDRAM_MspInit
 .text.__errno  0x0000000008008350        0xc c:/st/stm32cubeide_1.12.0/stm32cubeide/plugins/com.st.stm32cube.ide.mcu.externaltools.gnu-tools-for-stm32.10.3-2021.10.win32_1.0.200.202301161003/tools/bin/../lib/gcc/arm-none-eabi/10.3.1/../../../../arm-none-eabi/lib/thumb/v7e-m+fp/hard\libc_nano.a(lib_a-errno.o)
                0x0000000008008350                __errno
 .text.__libc_init_array
                0x000000000800835c       0x48 c:/st/stm32cubeide_1.12.0/stm32cubeide/plugins/com.st.stm32cube.ide.mcu.externaltools.gnu-tools-for-stm32.10.3-2021.10.win32_1.0.200.202301161003/tools/bin/../lib/gcc/arm-none-eabi/10.3.1/../../../../arm-none-eabi/lib/thumb/v7e-m+fp/hard\libc_nano.a(lib_a-init.o)
                0x000000000800835c                __libc_init_array
 .text.memset   0x00000000080083a4       0x10 c:/st/stm32cubeide_1.12.0/stm32cubeide/plugins/com.st.stm32cube.ide.mcu.externaltools.gnu-tools-for-stm32.10.3-2021.10.win32_1.0.200.202301161003/tools/bin/../lib/gcc/arm-none-eabi/10.3.1/../../../../arm-none-eabi/lib/thumb/v7e-m+fp/hard\libc_nano.a(lib_a-memset.o)
                0x00000000080083a4                memset
 .text.sprintf  0x00000000080083b4       0x40 c:/st/stm32cubeide_1.12.0/stm32cubeide/plugins/com.st.stm32cube.ide.mcu.externaltools.gnu-tools-for-stm32.10.3-2021.10.win32_1.0.200.202301161003/tools/bin/../lib/gcc/arm-none-eabi/10.3.1/../../../../arm-none-eabi/lib/thumb/v7e-m+fp/hard\libc_nano.a(lib_a-sprintf.o)
                0x00000000080083b4                siprintf
                0x00000000080083b4                sprintf
 .text.__ssputs_r
                0x00000000080083f4       0xb6 c:/st/stm32cubeide_1.12.0/stm32cubeide/plugins/com.st.stm32cube.ide.mcu.externaltools.gnu-tools-for-stm32.10.3-2021.10.win32_1.0.200.202301161003/tools/bin/../lib/gcc/arm-none-eabi/10.3.1/../../../../arm-none-eabi/lib/thumb/v7e-m+fp/hard\libc_nano.a(lib_a-nano-svfprintf.o)
                0x00000000080083f4                __ssputs_r
 *fill*         0x00000000080084aa        0x2 
 .text._svfprintf_r
                0x00000000080084ac      0x200 c:/st/stm32cubeide_1.12.0/stm32cubeide/plugins/com.st.stm32cube.ide.mcu.externaltools.gnu-tools-for-stm32.10.3-2021.10.win32_1.0.200.202301161003/tools/bin/../lib/gcc/arm-none-eabi/10.3.1/../../../../arm-none-eabi/lib/thumb/v7e-m+fp/hard\libc_nano.a(lib_a-nano-svfprintf.o)
                0x00000000080084ac                _svfiprintf_r
                0x00000000080084ac                _svfprintf_r
 .text._printf_common
                0x00000000080086ac       0xda c:/st/stm32cubeide_1.12.0/stm32cubeide/plugins/com.st.stm32cube.ide.mcu.externaltools.gnu-tools-for-stm32.10.3-2021.10.win32_1.0.200.202301161003/tools/bin/../lib/gcc/arm-none-eabi/10.3.1/../../../../arm-none-eabi/lib/thumb/v7e-m+fp/hard\libc_nano.a(lib_a-nano-vfprintf_i.o)
                0x00000000080086ac                _printf_common
 *fill*         0x0000000008008786        0x2 
 .text._printf_i
                0x0000000008008788      0x24c c:/st/stm32cubeide_1.12.0/stm32cubeide/plugins/com.st.stm32cube.ide.mcu.externaltools.gnu-tools-for-stm32.10.3-2021.10.win32_1.0.200.202301161003/tools/bin/../lib/gcc/arm-none-eabi/10.3.1/../../../../arm-none-eabi/lib/thumb/v7e-m+fp/hard\libc_nano.a(lib_a-nano-vfprintf_i.o)
                0x0000000008008788                _printf_i
 .text.memcpy   0x00000000080089d4       0x1c c:/st/stm32cubeide_1.12.0/stm32cubeide/plugins/com.st.stm32cube.ide.mcu.externaltools.gnu-tools-for-stm32.10.3-2021.10.win32_1.0.200.202301161003/tools/bin/../lib/gcc/arm-none-eabi/10.3.1/../../../../arm-none-eabi/lib/thumb/v7e-m+fp/hard\libc_nano.a(lib_a-memcpy-stub.o)
                0x00000000080089d4                memcpy
 .text.memmove  0x00000000080089f0       0x34 c:/st/stm32cubeide_1.12.0/stm32cubeide/plugins/com.st.stm32cube.ide.mcu.externaltools.gnu-tools-for-stm32.10.3-2021.10.win32_1.0.200.202301161003/tools/bin/../lib/gcc/arm-none-eabi/10.3.1/../../../../arm-none-eabi/lib/thumb/v7e-m+fp/hard\libc_nano.a(lib_a-memmove.o)
                0x00000000080089f0                memmove
 .text._free_r  0x0000000008008a24       0x98 c:/st/stm32cubeide_1.12.0/stm32cubeide/plugins/com.st.stm32cube.ide.mcu.externaltools.gnu-tools-for-stm32.10.3-2021.10.win32_1.0.200.202301161003/tools/bin/../lib/gcc/arm-none-eabi/10.3.1/../../../../arm-none-eabi/lib/thumb/v7e-m+fp/hard\libc_nano.a(lib_a-nano-freer.o)
                0x0000000008008a24                _free_r
 .text.sbrk_aligned
                0x0000000008008abc       0x40 c:/st/stm32cubeide_1.12.0/stm32cubeide/plugins/com.st.stm32cube.ide.mcu.externaltools.gnu-tools-for-stm32.10.3-2021.10.win32_1.0.200.202301161003/tools/bin/../lib/gcc/arm-none-eabi/10.3.1/../../../../arm-none-eabi/lib/thumb/v7e-m+fp/hard\libc_nano.a(lib_a-nano-mallocr.o)
 .text._malloc_r
                0x0000000008008afc       0xe8 c:/st/stm32cubeide_1.12.0/stm32cubeide/plugins/com.st.stm32cube.ide.mcu.externaltools.gnu-tools-for-stm32.10.3-2021.10.win32_1.0.200.202301161003/tools/bin/../lib/gcc/arm-none-eabi/10.3.1/../../../../arm-none-eabi/lib/thumb/v7e-m+fp/hard\libc_nano.a(lib_a-nano-mallocr.o)
                0x0000000008008afc                _malloc_r
 .text._realloc_r
                0x0000000008008be4       0x5e c:/st/stm32cubeide_1.12.0/stm32cubeide/plugins/com.st.stm32cube.ide.mcu.externaltools.gnu-tools-for-stm32.10.3-2021.10.win32_1.0.200.202301161003/tools/bin/../lib/gcc/arm-none-eabi/10.3.1/../../../../arm-none-eabi/lib/thumb/v7e-m+fp/hard\libc_nano.a(lib_a-nano-reallocr.o)
                0x0000000008008be4                _realloc_r
 *fill*         0x0000000008008c42        0x2 
 .text._sbrk_r  0x0000000008008c44       0x20 c:/st/stm32cubeide_1.12.0/stm32cubeide/plugins/com.st.stm32cube.ide.mcu.externaltools.gnu-tools-for-stm32.10.3-2021.10.win32_1.0.200.202301161003/tools/bin/../lib/gcc/arm-none-eabi/10.3.1/../../../../arm-none-eabi/lib/thumb/v7e-m+fp/hard\libc_nano.a(lib_a-sbrkr.o)
                0x0000000008008c44                _sbrk_r
 .text.__malloc_lock
                0x0000000008008c64        0xc c:/st/stm32cubeide_1.12.0/stm32cubeide/plugins/com.st.stm32cube.ide.mcu.externaltools.gnu-tools-for-stm32.10.3-2021.10.win32_1.0.200.202301161003/tools/bin/../lib/gcc/arm-none-eabi/10.3.1/../../../../arm-none-eabi/lib/thumb/v7e-m+fp/hard\libc_nano.a(lib_a-mlock.o)
                0x0000000008008c64                __malloc_lock
 .text.__malloc_unlock
                0x0000000008008c70        0xc c:/st/stm32cubeide_1.12.0/stm32cubeide/plugins/com.st.stm32cube.ide.mcu.externaltools.gnu-tools-for-stm32.10.3-2021.10.win32_1.0.200.202301161003/tools/bin/../lib/gcc/arm-none-eabi/10.3.1/../../../../arm-none-eabi/lib/thumb/v7e-m+fp/hard\libc_nano.a(lib_a-mlock.o)
                0x0000000008008c70                __malloc_unlock
 .text._malloc_usable_size_r
                0x0000000008008c7c       0x10 c:/st/stm32cubeide_1.12.0/stm32cubeide/plugins/com.st.stm32cube.ide.mcu.externaltools.gnu-tools-for-stm32.10.3-2021.10.win32_1.0.200.202301161003/tools/bin/../lib/gcc/arm-none-eabi/10.3.1/../../../../arm-none-eabi/lib/thumb/v7e-m+fp/hard\libc_nano.a(lib_a-nano-msizer.o)
                0x0000000008008c7c                _malloc_usable_size_r
 .text.__retarget_lock_acquire_recursive
                0x0000000008008c8c        0x2 c:/st/stm32cubeide_1.12.0/stm32cubeide/plugins/com.st.stm32cube.ide.mcu.externaltools.gnu-tools-for-stm32.10.3-2021.10.win32_1.0.200.202301161003/tools/bin/../lib/gcc/arm-none-eabi/10.3.1/../../../../arm-none-eabi/lib/thumb/v7e-m+fp/hard\libc_nano.a(lib_a-lock.o)
                0x0000000008008c8c                __retarget_lock_acquire_recursive
 .text.__retarget_lock_release_recursive
                0x0000000008008c8e        0x2 c:/st/stm32cubeide_1.12.0/stm32cubeide/plugins/com.st.stm32cube.ide.mcu.externaltools.gnu-tools-for-stm32.10.3-2021.10.win32_1.0.200.202301161003/tools/bin/../lib/gcc/arm-none-eabi/10.3.1/../../../../arm-none-eabi/lib/thumb/v7e-m+fp/hard\libc_nano.a(lib_a-lock.o)
                0x0000000008008c8e                __retarget_lock_release_recursive
 *(.glue_7)
 .glue_7        0x0000000008008c90        0x0 linker stubs
 *(.glue_7t)
 .glue_7t       0x0000000008008c90        0x0 linker stubs
 *(.eh_frame)
 .eh_frame      0x0000000008008c90        0x0 c:/st/stm32cubeide_1.12.0/stm32cubeide/plugins/com.st.stm32cube.ide.mcu.externaltools.gnu-tools-for-stm32.10.3-2021.10.win32_1.0.200.202301161003/tools/bin/../lib/gcc/arm-none-eabi/10.3.1/thumb/v7e-m+fp/hard/crtbegin.o
 *(.init)
 .init          0x0000000008008c90        0x4 c:/st/stm32cubeide_1.12.0/stm32cubeide/plugins/com.st.stm32cube.ide.mcu.externaltools.gnu-tools-for-stm32.10.3-2021.10.win32_1.0.200.202301161003/tools/bin/../lib/gcc/arm-none-eabi/10.3.1/thumb/v7e-m+fp/hard/crti.o
                0x0000000008008c90                _init
 .init          0x0000000008008c94        0x8 c:/st/stm32cubeide_1.12.0/stm32cubeide/plugins/com.st.stm32cube.ide.mcu.externaltools.gnu-tools-for-stm32.10.3-2021.10.win32_1.0.200.202301161003/tools/bin/../lib/gcc/arm-none-eabi/10.3.1/thumb/v7e-m+fp/hard/crtn.o
 *(.fini)
 .fini          0x0000000008008c9c        0x4 c:/st/stm32cubeide_1.12.0/stm32cubeide/plugins/com.st.stm32cube.ide.mcu.externaltools.gnu-tools-for-stm32.10.3-2021.10.win32_1.0.200.202301161003/tools/bin/../lib/gcc/arm-none-eabi/10.3.1/thumb/v7e-m+fp/hard/crti.o
                0x0000000008008c9c                _fini
 .fini          0x0000000008008ca0        0x8 c:/st/stm32cubeide_1.12.0/stm32cubeide/plugins/com.st.stm32cube.ide.mcu.externaltools.gnu-tools-for-stm32.10.3-2021.10.win32_1.0.200.202301161003/tools/bin/../lib/gcc/arm-none-eabi/10.3.1/thumb/v7e-m+fp/hard/crtn.o
                0x0000000008008ca8                . = ALIGN (0x4)
                0x0000000008008ca8                _etext = .

.vfp11_veneer   0x0000000008008ca8        0x0
 .vfp11_veneer  0x0000000008008ca8        0x0 linker stubs

.v4_bx          0x0000000008008ca8        0x0
 .v4_bx         0x0000000008008ca8        0x0 linker stubs

.iplt           0x0000000008008ca8        0x0
 .iplt          0x0000000008008ca8        0x0 c:/st/stm32cubeide_1.12.0/stm32cubeide/plugins/com.st.stm32cube.ide.mcu.externaltools.gnu-tools-for-stm32.10.3-2021.10.win32_1.0.200.202301161003/tools/bin/../lib/gcc/arm-none-eabi/10.3.1/thumb/v7e-m+fp/hard/crtbegin.o

.rodata         0x0000000008008ca8    0x4ea0c
                0x0000000008008ca8                . = ALIGN (0x4)
 *(.rodata)
 .rodata        0x0000000008008ca8      0x14d ./Core/Src/main.o
 *(.rodata*)
 *fill*         0x0000000008008df5        0x3 
 .rodata.image_data_display_1
                0x0000000008008df8    0x25800 ./Core/Src/ltdc.o
 .rodata.image_data_display_2
                0x000000000802e5f8    0x25800 ./Core/Src/ltdc.o
 .rodata.AHBPrescTable
                0x0000000008053df8       0x10 ./Core/Src/system_stm32f4xx.o
                0x0000000008053df8                AHBPrescTable
 .rodata.APBPrescTable
                0x0000000008053e08        0x8 ./Core/Src/system_stm32f4xx.o
                0x0000000008053e08                APBPrescTable
 .rodata.flagBitshiftOffset.0
                0x0000000008053e10        0x8 ./Drivers/STM32F4xx_HAL_Driver/Src/stm32f4xx_hal_dma.o
 .rodata.Font16_Table
                0x0000000008053e18      0xbe0 ./user_Driver/Fonts/font16.o
                0x0000000008053e18                Font16_Table
 .rodata.Font20_Table
                0x00000000080549f8      0xed8 ./user_Driver/Fonts/font20.o
                0x00000000080549f8                Font20_Table
 .rodata.Font24_Table
                0x00000000080558d0     0x1ab8 ./user_Driver/Fonts/font24.o
                0x00000000080558d0                Font24_Table
 .rodata.Font8_Table
                0x0000000008057388      0x2f8 ./user_Driver/Fonts/font8.o
                0x0000000008057388                Font8_Table
 .rodata._svfprintf_r.str1.1
                0x0000000008057680       0x11 c:/st/stm32cubeide_1.12.0/stm32cubeide/plugins/com.st.stm32cube.ide.mcu.externaltools.gnu-tools-for-stm32.10.3-2021.10.win32_1.0.200.202301161003/tools/bin/../lib/gcc/arm-none-eabi/10.3.1/../../../../arm-none-eabi/lib/thumb/v7e-m+fp/hard\libc_nano.a(lib_a-nano-svfprintf.o)
 .rodata._printf_i.str1.1
                0x0000000008057691       0x22 c:/st/stm32cubeide_1.12.0/stm32cubeide/plugins/com.st.stm32cube.ide.mcu.externaltools.gnu-tools-for-stm32.10.3-2021.10.win32_1.0.200.202301161003/tools/bin/../lib/gcc/arm-none-eabi/10.3.1/../../../../arm-none-eabi/lib/thumb/v7e-m+fp/hard\libc_nano.a(lib_a-nano-vfprintf_i.o)
                0x00000000080576b4                . = ALIGN (0x4)
 *fill*         0x00000000080576b3        0x1 

.ARM.extab      0x00000000080576b4        0x0
                0x00000000080576b4                . = ALIGN (0x4)
 *(.ARM.extab* .gnu.linkonce.armextab.*)
                0x00000000080576b4                . = ALIGN (0x4)

.ARM            0x00000000080576b4        0x8
                0x00000000080576b4                . = ALIGN (0x4)
                0x00000000080576b4                __exidx_start = .
 *(.ARM.exidx*)
 .ARM.exidx     0x00000000080576b4        0x8 c:/st/stm32cubeide_1.12.0/stm32cubeide/plugins/com.st.stm32cube.ide.mcu.externaltools.gnu-tools-for-stm32.10.3-2021.10.win32_1.0.200.202301161003/tools/bin/../lib/gcc/arm-none-eabi/10.3.1/thumb/v7e-m+fp/hard\libgcc.a(_udivmoddi4.o)
                0x00000000080576bc                __exidx_end = .
                0x00000000080576bc                . = ALIGN (0x4)

.rel.dyn        0x00000000080576bc        0x0
 .rel.iplt      0x00000000080576bc        0x0 c:/st/stm32cubeide_1.12.0/stm32cubeide/plugins/com.st.stm32cube.ide.mcu.externaltools.gnu-tools-for-stm32.10.3-2021.10.win32_1.0.200.202301161003/tools/bin/../lib/gcc/arm-none-eabi/10.3.1/thumb/v7e-m+fp/hard/crtbegin.o

.preinit_array  0x00000000080576bc        0x0
                0x00000000080576bc                . = ALIGN (0x4)
                0x00000000080576bc                PROVIDE (__preinit_array_start = .)
 *(.preinit_array*)
                0x00000000080576bc                PROVIDE (__preinit_array_end = .)
                0x00000000080576bc                . = ALIGN (0x4)

.init_array     0x00000000080576bc        0x4
                0x00000000080576bc                . = ALIGN (0x4)
                0x00000000080576bc                PROVIDE (__init_array_start = .)
 *(SORT_BY_NAME(.init_array.*))
 *(.init_array*)
 .init_array    0x00000000080576bc        0x4 c:/st/stm32cubeide_1.12.0/stm32cubeide/plugins/com.st.stm32cube.ide.mcu.externaltools.gnu-tools-for-stm32.10.3-2021.10.win32_1.0.200.202301161003/tools/bin/../lib/gcc/arm-none-eabi/10.3.1/thumb/v7e-m+fp/hard/crtbegin.o
                0x00000000080576c0                PROVIDE (__init_array_end = .)
                0x00000000080576c0                . = ALIGN (0x4)

.fini_array     0x00000000080576c0        0x4
                0x00000000080576c0                . = ALIGN (0x4)
                [!provide]                        PROVIDE (__fini_array_start = .)
 *(SORT_BY_NAME(.fini_array.*))
 *(.fini_array*)
 .fini_array    0x00000000080576c0        0x4 c:/st/stm32cubeide_1.12.0/stm32cubeide/plugins/com.st.stm32cube.ide.mcu.externaltools.gnu-tools-for-stm32.10.3-2021.10.win32_1.0.200.202301161003/tools/bin/../lib/gcc/arm-none-eabi/10.3.1/thumb/v7e-m+fp/hard/crtbegin.o
                [!provide]                        PROVIDE (__fini_array_end = .)
                0x00000000080576c4                . = ALIGN (0x4)
                0x00000000080576c4                _sidata = LOADADDR (.data)

.data           0x0000000020000000      0x10c load address 0x00000000080576c4
                0x0000000020000000                . = ALIGN (0x4)
                0x0000000020000000                _sdata = .
 *(.data)
 *(.data*)
 .data.at_inst1
                0x0000000020000000       0x29 ./Core/Src/main.o
                0x0000000020000000                at_inst1
 *fill*         0x0000000020000029        0x3 
 .data.at_inst4
                0x000000002000002c        0xe ./Core/Src/main.o
                0x000000002000002c                at_inst4
 *fill*         0x000000002000003a        0x2 
 .data.SystemCoreClock
                0x000000002000003c        0x4 ./Core/Src/system_stm32f4xx.o
                0x000000002000003c                SystemCoreClock
 .data.uwTickPrio
                0x0000000020000040        0x4 ./Drivers/STM32F4xx_HAL_Driver/Src/stm32f4xx_hal.o
                0x0000000020000040                uwTickPrio
 .data.uwTickFreq
                0x0000000020000044        0x1 ./Drivers/STM32F4xx_HAL_Driver/Src/stm32f4xx_hal.o
                0x0000000020000044                uwTickFreq
 *fill*         0x0000000020000045        0x3 
 .data.Font16   0x0000000020000048        0x8 ./user_Driver/Fonts/font16.o
                0x0000000020000048                Font16
 .data.Font20   0x0000000020000050        0x8 ./user_Driver/Fonts/font20.o
                0x0000000020000050                Font20
 .data.Font24   0x0000000020000058        0x8 ./user_Driver/Fonts/font24.o
                0x0000000020000058                Font24
 .data.Font8    0x0000000020000060        0x8 ./user_Driver/Fonts/font8.o
                0x0000000020000060                Font8
 .data.ili9341_drv
                0x0000000020000068       0x38 ./user_Driver/ili9341/ili9341.o
                0x0000000020000068                ili9341_drv
 .data.SpixTimeout
                0x00000000200000a0        0x4 ./user_Driver/stm32f429i_discovery.o
                0x00000000200000a0                SpixTimeout
 .data.sdramstatus.2
                0x00000000200000a4        0x1 ./user_Driver/stm32f429i_discovery_sdram.o
 *fill*         0x00000000200000a5        0x3 
 .data._impure_ptr
                0x00000000200000a8        0x4 c:/st/stm32cubeide_1.12.0/stm32cubeide/plugins/com.st.stm32cube.ide.mcu.externaltools.gnu-tools-for-stm32.10.3-2021.10.win32_1.0.200.202301161003/tools/bin/../lib/gcc/arm-none-eabi/10.3.1/../../../../arm-none-eabi/lib/thumb/v7e-m+fp/hard\libc_nano.a(lib_a-impure.o)
                0x00000000200000a8                _impure_ptr
 .data.impure_data
                0x00000000200000ac       0x60 c:/st/stm32cubeide_1.12.0/stm32cubeide/plugins/com.st.stm32cube.ide.mcu.externaltools.gnu-tools-for-stm32.10.3-2021.10.win32_1.0.200.202301161003/tools/bin/../lib/gcc/arm-none-eabi/10.3.1/../../../../arm-none-eabi/lib/thumb/v7e-m+fp/hard\libc_nano.a(lib_a-impure.o)
 *(.RamFunc)
 *(.RamFunc*)
                0x000000002000010c                . = ALIGN (0x4)
                0x000000002000010c                _edata = .
                0x00000000080577d0                _siccmram = LOADADDR (.ccmram)

.igot.plt       0x000000002000010c        0x0 load address 0x00000000080577d0
 .igot.plt      0x000000002000010c        0x0 c:/st/stm32cubeide_1.12.0/stm32cubeide/plugins/com.st.stm32cube.ide.mcu.externaltools.gnu-tools-for-stm32.10.3-2021.10.win32_1.0.200.202301161003/tools/bin/../lib/gcc/arm-none-eabi/10.3.1/thumb/v7e-m+fp/hard/crtbegin.o

.ccmram         0x0000000010000000        0x0 load address 0x00000000080577d0
                0x0000000010000000                . = ALIGN (0x4)
                0x0000000010000000                _sccmram = .
 *(.ccmram)
 *(.ccmram*)
                0x0000000010000000                . = ALIGN (0x4)
                0x0000000010000000                _eccmram = .
                0x0000000010000000                . = ALIGN (0x4)

.bss            0x000000002000010c      0x728
                0x000000002000010c                _sbss = .
                0x000000002000010c                __bss_start__ = _sbss
 *(.bss)
 .bss           0x000000002000010c       0x1c c:/st/stm32cubeide_1.12.0/stm32cubeide/plugins/com.st.stm32cube.ide.mcu.externaltools.gnu-tools-for-stm32.10.3-2021.10.win32_1.0.200.202301161003/tools/bin/../lib/gcc/arm-none-eabi/10.3.1/thumb/v7e-m+fp/hard/crtbegin.o
 *(.bss*)
 .bss.hdma2d    0x0000000020000128       0x40 ./Core/Src/dma2d.o
                0x0000000020000128                hdma2d
 .bss.hsdram1   0x0000000020000168       0x34 ./Core/Src/fmc.o
                0x0000000020000168                hsdram1
 .bss.FMC_Initialized
                0x000000002000019c        0x4 ./Core/Src/fmc.o
 .bss.hi2c3     0x00000000200001a0       0x54 ./Core/Src/i2c.o
                0x00000000200001a0                hi2c3
 .bss.hltdc     0x00000000200001f4       0xa8 ./Core/Src/ltdc.o
                0x00000000200001f4                hltdc
 .bss.stimebuf  0x000000002000029c       0x1e ./Core/Src/main.o
                0x000000002000029c                stimebuf
 *fill*         0x00000000200002ba        0x2 
 .bss.sdatebuf  0x00000000200002bc       0x1e ./Core/Src/main.o
                0x00000000200002bc                sdatebuf
 *fill*         0x00000000200002da        0x2 
 .bss.sTime     0x00000000200002dc       0x14 ./Core/Src/main.o
                0x00000000200002dc                sTime
 .bss.sDate     0x00000000200002f0        0x4 ./Core/Src/main.o
                0x00000000200002f0                sDate
 .bss.at_inst2  0x00000000200002f4       0x10 ./Core/Src/main.o
                0x00000000200002f4                at_inst2
 .bss.rx_buffer_init
                0x0000000020000304       0x80 ./Core/Src/main.o
                0x0000000020000304                rx_buffer_init
 .bss.rx_buffer1
                0x0000000020000384       0x40 ./Core/Src/main.o
                0x0000000020000384                rx_buffer1
 .bss.rx_buffer2
                0x00000000200003c4       0x40 ./Core/Src/main.o
                0x00000000200003c4                rx_buffer2
 .bss.rx_buffer3
                0x0000000020000404       0x40 ./Core/Src/main.o
                0x0000000020000404                rx_buffer3
 .bss.rx_buffer4
                0x0000000020000444       0x40 ./Core/Src/main.o
                0x0000000020000444                rx_buffer4
 .bss.init_receive_ok
                0x0000000020000484        0x4 ./Core/Src/main.o
                0x0000000020000484                init_receive_ok
 .bss.inst1_receive_ok
                0x0000000020000488        0x4 ./Core/Src/main.o
                0x0000000020000488                inst1_receive_ok
 .bss.inst2_receive_ok
                0x000000002000048c        0x4 ./Core/Src/main.o
                0x000000002000048c                inst2_receive_ok
 .bss.inst3_receive_ok
                0x0000000020000490        0x4 ./Core/Src/main.o
                0x0000000020000490                inst3_receive_ok
 .bss.inst4_receive_ok
                0x0000000020000494        0x4 ./Core/Src/main.o
                0x0000000020000494                inst4_receive_ok
 .bss.timeout   0x0000000020000498        0x4 ./Core/Src/main.o
                0x0000000020000498                timeout
 .bss.Rh_byte1  0x000000002000049c        0x1 ./Core/Src/main.o
                0x000000002000049c                Rh_byte1
 .bss.Rh_byte2  0x000000002000049d        0x1 ./Core/Src/main.o
                0x000000002000049d                Rh_byte2
 .bss.Temp_byte1
                0x000000002000049e        0x1 ./Core/Src/main.o
                0x000000002000049e                Temp_byte1
 .bss.Temp_byte2
                0x000000002000049f        0x1 ./Core/Src/main.o
                0x000000002000049f                Temp_byte2
 .bss.SUM       0x00000000200004a0        0x2 ./Core/Src/main.o
                0x00000000200004a0                SUM
 .bss.Temperature
                0x00000000200004a2        0x2 ./Core/Src/main.o
                0x00000000200004a2                Temperature
 .bss.Humidity  0x00000000200004a4        0x2 ./Core/Src/main.o
                0x00000000200004a4                Humidity
 .bss.Presence  0x00000000200004a6        0x1 ./Core/Src/main.o
                0x00000000200004a6                Presence
 *fill*         0x00000000200004a7        0x1 
 .bss.timeout_DHT
                0x00000000200004a8        0x4 ./Core/Src/main.o
                0x00000000200004a8                timeout_DHT
 .bss.humidityString
                0x00000000200004ac        0xa ./Core/Src/main.o
                0x00000000200004ac                humidityString
 *fill*         0x00000000200004b6        0x2 
 .bss.TemperatureString
                0x00000000200004b8        0xa ./Core/Src/main.o
                0x00000000200004b8                TemperatureString
 *fill*         0x00000000200004c2        0x2 
 .bss.hrtc      0x00000000200004c4       0x20 ./Core/Src/rtc.o
                0x00000000200004c4                hrtc
 .bss.hspi5     0x00000000200004e4       0x58 ./Core/Src/spi.o
                0x00000000200004e4                hspi5
 .bss.__sbrk_heap_end
                0x000000002000053c        0x4 ./Core/Src/sysmem.o
 .bss.htim6     0x0000000020000540       0x48 ./Core/Src/tim.o
                0x0000000020000540                htim6
 .bss.huart1    0x0000000020000588       0x44 ./Core/Src/usart.o
                0x0000000020000588                huart1
 .bss.uwTick    0x00000000200005cc        0x4 ./Drivers/STM32F4xx_HAL_Driver/Src/stm32f4xx_hal.o
                0x00000000200005cc                uwTick
 .bss.SpiHandle
                0x00000000200005d0       0x58 ./user_Driver/stm32f429i_discovery.o
 .bss.Is_LCD_IO_Initialized
                0x0000000020000628        0x1 ./user_Driver/stm32f429i_discovery.o
 *fill*         0x0000000020000629        0x3 
 .bss.LtdcHandler
                0x000000002000062c       0xa8 ./user_Driver/stm32f429i_discovery_lcd.o
                0x000000002000062c                LtdcHandler
 .bss.Dma2dHandler
                0x00000000200006d4       0x40 ./user_Driver/stm32f429i_discovery_lcd.o
 .bss.PeriphClkInitStruct
                0x0000000020000714       0x30 ./user_Driver/stm32f429i_discovery_lcd.o
 .bss.ActiveLayer
                0x0000000020000744        0x4 ./user_Driver/stm32f429i_discovery_lcd.o
 .bss.DrawProp  0x0000000020000748       0x18 ./user_Driver/stm32f429i_discovery_lcd.o
 .bss.LcdDrv    0x0000000020000760        0x4 ./user_Driver/stm32f429i_discovery_lcd.o
                0x0000000020000760                LcdDrv
 .bss.SdramHandle
                0x0000000020000764       0x34 ./user_Driver/stm32f429i_discovery_sdram.o
 .bss.Timing    0x0000000020000798       0x1c ./user_Driver/stm32f429i_discovery_sdram.o
 .bss.Command   0x00000000200007b4       0x10 ./user_Driver/stm32f429i_discovery_sdram.o
 .bss.dmaHandle.1
                0x00000000200007c4       0x60 ./user_Driver/stm32f429i_discovery_sdram.o
 .bss.__malloc_free_list
                0x0000000020000824        0x4 c:/st/stm32cubeide_1.12.0/stm32cubeide/plugins/com.st.stm32cube.ide.mcu.externaltools.gnu-tools-for-stm32.10.3-2021.10.win32_1.0.200.202301161003/tools/bin/../lib/gcc/arm-none-eabi/10.3.1/../../../../arm-none-eabi/lib/thumb/v7e-m+fp/hard\libc_nano.a(lib_a-nano-mallocr.o)
                0x0000000020000824                __malloc_free_list
 .bss.__malloc_sbrk_start
                0x0000000020000828        0x4 c:/st/stm32cubeide_1.12.0/stm32cubeide/plugins/com.st.stm32cube.ide.mcu.externaltools.gnu-tools-for-stm32.10.3-2021.10.win32_1.0.200.202301161003/tools/bin/../lib/gcc/arm-none-eabi/10.3.1/../../../../arm-none-eabi/lib/thumb/v7e-m+fp/hard\libc_nano.a(lib_a-nano-mallocr.o)
                0x0000000020000828                __malloc_sbrk_start
 .bss.errno     0x000000002000082c        0x4 c:/st/stm32cubeide_1.12.0/stm32cubeide/plugins/com.st.stm32cube.ide.mcu.externaltools.gnu-tools-for-stm32.10.3-2021.10.win32_1.0.200.202301161003/tools/bin/../lib/gcc/arm-none-eabi/10.3.1/../../../../arm-none-eabi/lib/thumb/v7e-m+fp/hard\libc_nano.a(lib_a-reent.o)
                0x000000002000082c                errno
 .bss.__lock___malloc_recursive_mutex
                0x0000000020000830        0x1 c:/st/stm32cubeide_1.12.0/stm32cubeide/plugins/com.st.stm32cube.ide.mcu.externaltools.gnu-tools-for-stm32.10.3-2021.10.win32_1.0.200.202301161003/tools/bin/../lib/gcc/arm-none-eabi/10.3.1/../../../../arm-none-eabi/lib/thumb/v7e-m+fp/hard\libc_nano.a(lib_a-lock.o)
                0x0000000020000830                __lock___malloc_recursive_mutex
 *(COMMON)
                0x0000000020000834                . = ALIGN (0x4)
 *fill*         0x0000000020000831        0x3 
                0x0000000020000834                _ebss = .
                0x0000000020000834                __bss_end__ = _ebss

._user_heap_stack
                0x0000000020000834      0x604
                0x0000000020000838                . = ALIGN (0x8)
 *fill*         0x0000000020000834        0x4 
                [!provide]                        PROVIDE (end = .)
                0x0000000020000838                PROVIDE (_end = .)
                0x0000000020000a38                . = (. + _Min_Heap_Size)
 *fill*         0x0000000020000838      0x200 
                0x0000000020000e38                . = (. + _Min_Stack_Size)
 *fill*         0x0000000020000a38      0x400 
                0x0000000020000e38                . = ALIGN (0x8)

/DISCARD/
 libc.a(*)
 libm.a(*)
 libgcc.a(*)

.ARM.attributes
                0x0000000000000000       0x30
 *(.ARM.attributes)
 .ARM.attributes
                0x0000000000000000       0x1e c:/st/stm32cubeide_1.12.0/stm32cubeide/plugins/com.st.stm32cube.ide.mcu.externaltools.gnu-tools-for-stm32.10.3-2021.10.win32_1.0.200.202301161003/tools/bin/../lib/gcc/arm-none-eabi/10.3.1/thumb/v7e-m+fp/hard/crti.o
 .ARM.attributes
                0x000000000000001e       0x34 c:/st/stm32cubeide_1.12.0/stm32cubeide/plugins/com.st.stm32cube.ide.mcu.externaltools.gnu-tools-for-stm32.10.3-2021.10.win32_1.0.200.202301161003/tools/bin/../lib/gcc/arm-none-eabi/10.3.1/thumb/v7e-m+fp/hard/crtbegin.o
 .ARM.attributes
                0x0000000000000052       0x34 ./Core/Src/dma2d.o
 .ARM.attributes
                0x0000000000000086       0x34 ./Core/Src/fmc.o
 .ARM.attributes
                0x00000000000000ba       0x34 ./Core/Src/gpio.o
 .ARM.attributes
                0x00000000000000ee       0x34 ./Core/Src/i2c.o
 .ARM.attributes
                0x0000000000000122       0x34 ./Core/Src/ltdc.o
 .ARM.attributes
                0x0000000000000156       0x34 ./Core/Src/main.o
 .ARM.attributes
                0x000000000000018a       0x34 ./Core/Src/rtc.o
 .ARM.attributes
                0x00000000000001be       0x34 ./Core/Src/spi.o
 .ARM.attributes
                0x00000000000001f2       0x34 ./Core/Src/stm32f4xx_hal_msp.o
 .ARM.attributes
                0x0000000000000226       0x34 ./Core/Src/stm32f4xx_it.o
 .ARM.attributes
                0x000000000000025a       0x34 ./Core/Src/sysmem.o
 .ARM.attributes
                0x000000000000028e       0x34 ./Core/Src/system_stm32f4xx.o
 .ARM.attributes
                0x00000000000002c2       0x34 ./Core/Src/tim.o
 .ARM.attributes
                0x00000000000002f6       0x34 ./Core/Src/usart.o
 .ARM.attributes
                0x000000000000032a       0x21 ./Core/Startup/startup_stm32f429zitx.o
 .ARM.attributes
                0x000000000000034b       0x34 ./Drivers/STM32F4xx_HAL_Driver/Src/stm32f4xx_hal.o
 .ARM.attributes
                0x000000000000037f       0x34 ./Drivers/STM32F4xx_HAL_Driver/Src/stm32f4xx_hal_cortex.o
 .ARM.attributes
                0x00000000000003b3       0x34 ./Drivers/STM32F4xx_HAL_Driver/Src/stm32f4xx_hal_dma.o
 .ARM.attributes
                0x00000000000003e7       0x34 ./Drivers/STM32F4xx_HAL_Driver/Src/stm32f4xx_hal_dma2d.o
 .ARM.attributes
                0x000000000000041b       0x34 ./Drivers/STM32F4xx_HAL_Driver/Src/stm32f4xx_hal_gpio.o
 .ARM.attributes
                0x000000000000044f       0x34 ./Drivers/STM32F4xx_HAL_Driver/Src/stm32f4xx_hal_i2c.o
 .ARM.attributes
                0x0000000000000483       0x34 ./Drivers/STM32F4xx_HAL_Driver/Src/stm32f4xx_hal_i2c_ex.o
 .ARM.attributes
                0x00000000000004b7       0x34 ./Drivers/STM32F4xx_HAL_Driver/Src/stm32f4xx_hal_ltdc.o
 .ARM.attributes
                0x00000000000004eb       0x34 ./Drivers/STM32F4xx_HAL_Driver/Src/stm32f4xx_hal_pwr_ex.o
 .ARM.attributes
                0x000000000000051f       0x34 ./Drivers/STM32F4xx_HAL_Driver/Src/stm32f4xx_hal_rcc.o
 .ARM.attributes
                0x0000000000000553       0x34 ./Drivers/STM32F4xx_HAL_Driver/Src/stm32f4xx_hal_rcc_ex.o
 .ARM.attributes
                0x0000000000000587       0x34 ./Drivers/STM32F4xx_HAL_Driver/Src/stm32f4xx_hal_rtc.o
 .ARM.attributes
                0x00000000000005bb       0x34 ./Drivers/STM32F4xx_HAL_Driver/Src/stm32f4xx_hal_sdram.o
 .ARM.attributes
                0x00000000000005ef       0x34 ./Drivers/STM32F4xx_HAL_Driver/Src/stm32f4xx_hal_spi.o
 .ARM.attributes
                0x0000000000000623       0x34 ./Drivers/STM32F4xx_HAL_Driver/Src/stm32f4xx_hal_tim.o
 .ARM.attributes
                0x0000000000000657       0x34 ./Drivers/STM32F4xx_HAL_Driver/Src/stm32f4xx_hal_tim_ex.o
 .ARM.attributes
                0x000000000000068b       0x34 ./Drivers/STM32F4xx_HAL_Driver/Src/stm32f4xx_hal_uart.o
 .ARM.attributes
                0x00000000000006bf       0x34 ./Drivers/STM32F4xx_HAL_Driver/Src/stm32f4xx_ll_fmc.o
 .ARM.attributes
                0x00000000000006f3       0x34 ./user_Driver/Fonts/font16.o
 .ARM.attributes
                0x0000000000000727       0x34 ./user_Driver/Fonts/font20.o
 .ARM.attributes
                0x000000000000075b       0x34 ./user_Driver/Fonts/font24.o
 .ARM.attributes
                0x000000000000078f       0x34 ./user_Driver/Fonts/font8.o
 .ARM.attributes
                0x00000000000007c3       0x34 ./user_Driver/ili9341/ili9341.o
 .ARM.attributes
                0x00000000000007f7       0x34 ./user_Driver/stm32f429i_discovery.o
 .ARM.attributes
                0x000000000000082b       0x34 ./user_Driver/stm32f429i_discovery_lcd.o
 .ARM.attributes
                0x000000000000085f       0x34 ./user_Driver/stm32f429i_discovery_sdram.o
 .ARM.attributes
                0x0000000000000893       0x34 c:/st/stm32cubeide_1.12.0/stm32cubeide/plugins/com.st.stm32cube.ide.mcu.externaltools.gnu-tools-for-stm32.10.3-2021.10.win32_1.0.200.202301161003/tools/bin/../lib/gcc/arm-none-eabi/10.3.1/../../../../arm-none-eabi/lib/thumb/v7e-m+fp/hard\libc_nano.a(lib_a-errno.o)
 .ARM.attributes
                0x00000000000008c7       0x34 c:/st/stm32cubeide_1.12.0/stm32cubeide/plugins/com.st.stm32cube.ide.mcu.externaltools.gnu-tools-for-stm32.10.3-2021.10.win32_1.0.200.202301161003/tools/bin/../lib/gcc/arm-none-eabi/10.3.1/../../../../arm-none-eabi/lib/thumb/v7e-m+fp/hard\libc_nano.a(lib_a-impure.o)
 .ARM.attributes
                0x00000000000008fb       0x34 c:/st/stm32cubeide_1.12.0/stm32cubeide/plugins/com.st.stm32cube.ide.mcu.externaltools.gnu-tools-for-stm32.10.3-2021.10.win32_1.0.200.202301161003/tools/bin/../lib/gcc/arm-none-eabi/10.3.1/../../../../arm-none-eabi/lib/thumb/v7e-m+fp/hard\libc_nano.a(lib_a-init.o)
 .ARM.attributes
                0x000000000000092f       0x34 c:/st/stm32cubeide_1.12.0/stm32cubeide/plugins/com.st.stm32cube.ide.mcu.externaltools.gnu-tools-for-stm32.10.3-2021.10.win32_1.0.200.202301161003/tools/bin/../lib/gcc/arm-none-eabi/10.3.1/../../../../arm-none-eabi/lib/thumb/v7e-m+fp/hard\libc_nano.a(lib_a-memset.o)
 .ARM.attributes
                0x0000000000000963       0x34 c:/st/stm32cubeide_1.12.0/stm32cubeide/plugins/com.st.stm32cube.ide.mcu.externaltools.gnu-tools-for-stm32.10.3-2021.10.win32_1.0.200.202301161003/tools/bin/../lib/gcc/arm-none-eabi/10.3.1/../../../../arm-none-eabi/lib/thumb/v7e-m+fp/hard\libc_nano.a(lib_a-sprintf.o)
 .ARM.attributes
                0x0000000000000997       0x17 c:/st/stm32cubeide_1.12.0/stm32cubeide/plugins/com.st.stm32cube.ide.mcu.externaltools.gnu-tools-for-stm32.10.3-2021.10.win32_1.0.200.202301161003/tools/bin/../lib/gcc/arm-none-eabi/10.3.1/../../../../arm-none-eabi/lib/thumb/v7e-m+fp/hard\libc_nano.a(lib_a-strlen.o)
 .ARM.attributes
                0x00000000000009ae       0x34 c:/st/stm32cubeide_1.12.0/stm32cubeide/plugins/com.st.stm32cube.ide.mcu.externaltools.gnu-tools-for-stm32.10.3-2021.10.win32_1.0.200.202301161003/tools/bin/../lib/gcc/arm-none-eabi/10.3.1/../../../../arm-none-eabi/lib/thumb/v7e-m+fp/hard\libc_nano.a(lib_a-nano-svfprintf.o)
 .ARM.attributes
                0x00000000000009e2       0x34 c:/st/stm32cubeide_1.12.0/stm32cubeide/plugins/com.st.stm32cube.ide.mcu.externaltools.gnu-tools-for-stm32.10.3-2021.10.win32_1.0.200.202301161003/tools/bin/../lib/gcc/arm-none-eabi/10.3.1/../../../../arm-none-eabi/lib/thumb/v7e-m+fp/hard\libc_nano.a(lib_a-nano-vfprintf_i.o)
 .ARM.attributes
                0x0000000000000a16       0x1c c:/st/stm32cubeide_1.12.0/stm32cubeide/plugins/com.st.stm32cube.ide.mcu.externaltools.gnu-tools-for-stm32.10.3-2021.10.win32_1.0.200.202301161003/tools/bin/../lib/gcc/arm-none-eabi/10.3.1/../../../../arm-none-eabi/lib/thumb/v7e-m+fp/hard\libc_nano.a(lib_a-memchr.o)
 .ARM.attributes
                0x0000000000000a32       0x34 c:/st/stm32cubeide_1.12.0/stm32cubeide/plugins/com.st.stm32cube.ide.mcu.externaltools.gnu-tools-for-stm32.10.3-2021.10.win32_1.0.200.202301161003/tools/bin/../lib/gcc/arm-none-eabi/10.3.1/../../../../arm-none-eabi/lib/thumb/v7e-m+fp/hard\libc_nano.a(lib_a-memcpy-stub.o)
 .ARM.attributes
                0x0000000000000a66       0x34 c:/st/stm32cubeide_1.12.0/stm32cubeide/plugins/com.st.stm32cube.ide.mcu.externaltools.gnu-tools-for-stm32.10.3-2021.10.win32_1.0.200.202301161003/tools/bin/../lib/gcc/arm-none-eabi/10.3.1/../../../../arm-none-eabi/lib/thumb/v7e-m+fp/hard\libc_nano.a(lib_a-memmove.o)
 .ARM.attributes
                0x0000000000000a9a       0x34 c:/st/stm32cubeide_1.12.0/stm32cubeide/plugins/com.st.stm32cube.ide.mcu.externaltools.gnu-tools-for-stm32.10.3-2021.10.win32_1.0.200.202301161003/tools/bin/../lib/gcc/arm-none-eabi/10.3.1/../../../../arm-none-eabi/lib/thumb/v7e-m+fp/hard\libc_nano.a(lib_a-nano-freer.o)
 .ARM.attributes
                0x0000000000000ace       0x34 c:/st/stm32cubeide_1.12.0/stm32cubeide/plugins/com.st.stm32cube.ide.mcu.externaltools.gnu-tools-for-stm32.10.3-2021.10.win32_1.0.200.202301161003/tools/bin/../lib/gcc/arm-none-eabi/10.3.1/../../../../arm-none-eabi/lib/thumb/v7e-m+fp/hard\libc_nano.a(lib_a-nano-mallocr.o)
 .ARM.attributes
                0x0000000000000b02       0x34 c:/st/stm32cubeide_1.12.0/stm32cubeide/plugins/com.st.stm32cube.ide.mcu.externaltools.gnu-tools-for-stm32.10.3-2021.10.win32_1.0.200.202301161003/tools/bin/../lib/gcc/arm-none-eabi/10.3.1/../../../../arm-none-eabi/lib/thumb/v7e-m+fp/hard\libc_nano.a(lib_a-nano-reallocr.o)
 .ARM.attributes
                0x0000000000000b36       0x34 c:/st/stm32cubeide_1.12.0/stm32cubeide/plugins/com.st.stm32cube.ide.mcu.externaltools.gnu-tools-for-stm32.10.3-2021.10.win32_1.0.200.202301161003/tools/bin/../lib/gcc/arm-none-eabi/10.3.1/../../../../arm-none-eabi/lib/thumb/v7e-m+fp/hard\libc_nano.a(lib_a-sbrkr.o)
 .ARM.attributes
                0x0000000000000b6a       0x34 c:/st/stm32cubeide_1.12.0/stm32cubeide/plugins/com.st.stm32cube.ide.mcu.externaltools.gnu-tools-for-stm32.10.3-2021.10.win32_1.0.200.202301161003/tools/bin/../lib/gcc/arm-none-eabi/10.3.1/../../../../arm-none-eabi/lib/thumb/v7e-m+fp/hard\libc_nano.a(lib_a-mlock.o)
 .ARM.attributes
                0x0000000000000b9e       0x34 c:/st/stm32cubeide_1.12.0/stm32cubeide/plugins/com.st.stm32cube.ide.mcu.externaltools.gnu-tools-for-stm32.10.3-2021.10.win32_1.0.200.202301161003/tools/bin/../lib/gcc/arm-none-eabi/10.3.1/../../../../arm-none-eabi/lib/thumb/v7e-m+fp/hard\libc_nano.a(lib_a-nano-msizer.o)
 .ARM.attributes
                0x0000000000000bd2       0x34 c:/st/stm32cubeide_1.12.0/stm32cubeide/plugins/com.st.stm32cube.ide.mcu.externaltools.gnu-tools-for-stm32.10.3-2021.10.win32_1.0.200.202301161003/tools/bin/../lib/gcc/arm-none-eabi/10.3.1/../../../../arm-none-eabi/lib/thumb/v7e-m+fp/hard\libc_nano.a(lib_a-reent.o)
 .ARM.attributes
                0x0000000000000c06       0x34 c:/st/stm32cubeide_1.12.0/stm32cubeide/plugins/com.st.stm32cube.ide.mcu.externaltools.gnu-tools-for-stm32.10.3-2021.10.win32_1.0.200.202301161003/tools/bin/../lib/gcc/arm-none-eabi/10.3.1/../../../../arm-none-eabi/lib/thumb/v7e-m+fp/hard\libc_nano.a(lib_a-lock.o)
 .ARM.attributes
                0x0000000000000c3a       0x1e c:/st/stm32cubeide_1.12.0/stm32cubeide/plugins/com.st.stm32cube.ide.mcu.externaltools.gnu-tools-for-stm32.10.3-2021.10.win32_1.0.200.202301161003/tools/bin/../lib/gcc/arm-none-eabi/10.3.1/thumb/v7e-m+fp/hard\libgcc.a(_aeabi_uldivmod.o)
 .ARM.attributes
                0x0000000000000c58       0x34 c:/st/stm32cubeide_1.12.0/stm32cubeide/plugins/com.st.stm32cube.ide.mcu.externaltools.gnu-tools-for-stm32.10.3-2021.10.win32_1.0.200.202301161003/tools/bin/../lib/gcc/arm-none-eabi/10.3.1/thumb/v7e-m+fp/hard\libgcc.a(_udivmoddi4.o)
 .ARM.attributes
                0x0000000000000c8c       0x1e c:/st/stm32cubeide_1.12.0/stm32cubeide/plugins/com.st.stm32cube.ide.mcu.externaltools.gnu-tools-for-stm32.10.3-2021.10.win32_1.0.200.202301161003/tools/bin/../lib/gcc/arm-none-eabi/10.3.1/thumb/v7e-m+fp/hard\libgcc.a(_dvmd_tls.o)
 .ARM.attributes
                0x0000000000000caa       0x1e c:/st/stm32cubeide_1.12.0/stm32cubeide/plugins/com.st.stm32cube.ide.mcu.externaltools.gnu-tools-for-stm32.10.3-2021.10.win32_1.0.200.202301161003/tools/bin/../lib/gcc/arm-none-eabi/10.3.1/thumb/v7e-m+fp/hard/crtn.o
OUTPUT(EPD_Final_Project.elf elf32-littlearm)
LOAD linker stubs
LOAD c:/st/stm32cubeide_1.12.0/stm32cubeide/plugins/com.st.stm32cube.ide.mcu.externaltools.gnu-tools-for-stm32.10.3-2021.10.win32_1.0.200.202301161003/tools/bin/../lib/gcc/arm-none-eabi/10.3.1/../../../../arm-none-eabi/lib/thumb/v7e-m+fp/hard\libc.a
LOAD c:/st/stm32cubeide_1.12.0/stm32cubeide/plugins/com.st.stm32cube.ide.mcu.externaltools.gnu-tools-for-stm32.10.3-2021.10.win32_1.0.200.202301161003/tools/bin/../lib/gcc/arm-none-eabi/10.3.1/../../../../arm-none-eabi/lib/thumb/v7e-m+fp/hard\libm.a
LOAD c:/st/stm32cubeide_1.12.0/stm32cubeide/plugins/com.st.stm32cube.ide.mcu.externaltools.gnu-tools-for-stm32.10.3-2021.10.win32_1.0.200.202301161003/tools/bin/../lib/gcc/arm-none-eabi/10.3.1/thumb/v7e-m+fp/hard\libgcc.a

.debug_info     0x0000000000000000    0x21944
 .debug_info    0x0000000000000000      0x6a2 ./Core/Src/dma2d.o
 .debug_info    0x00000000000006a2      0x9e2 ./Core/Src/fmc.o
 .debug_info    0x0000000000001084      0x501 ./Core/Src/gpio.o
 .debug_info    0x0000000000001585      0xa8b ./Core/Src/i2c.o
 .debug_info    0x0000000000002010      0xdc9 ./Core/Src/ltdc.o
 .debug_info    0x0000000000002dd9     0x1bdd ./Core/Src/main.o
 .debug_info    0x00000000000049b6      0x762 ./Core/Src/rtc.o
 .debug_info    0x0000000000005118      0xa07 ./Core/Src/spi.o
 .debug_info    0x0000000000005b1f      0x2c4 ./Core/Src/stm32f4xx_hal_msp.o
 .debug_info    0x0000000000005de3      0x563 ./Core/Src/stm32f4xx_it.o
 .debug_info    0x0000000000006346      0x171 ./Core/Src/sysmem.o
 .debug_info    0x00000000000064b7      0x53f ./Core/Src/system_stm32f4xx.o
 .debug_info    0x00000000000069f6      0x987 ./Core/Src/tim.o
 .debug_info    0x000000000000737d      0x9bc ./Core/Src/usart.o
 .debug_info    0x0000000000007d39       0x22 ./Core/Startup/startup_stm32f429zitx.o
 .debug_info    0x0000000000007d5b      0x9f4 ./Drivers/STM32F4xx_HAL_Driver/Src/stm32f4xx_hal.o
 .debug_info    0x000000000000874f      0xe51 ./Drivers/STM32F4xx_HAL_Driver/Src/stm32f4xx_hal_cortex.o
 .debug_info    0x00000000000095a0      0x94f ./Drivers/STM32F4xx_HAL_Driver/Src/stm32f4xx_hal_dma.o
 .debug_info    0x0000000000009eef      0xf91 ./Drivers/STM32F4xx_HAL_Driver/Src/stm32f4xx_hal_dma2d.o
 .debug_info    0x000000000000ae80      0x786 ./Drivers/STM32F4xx_HAL_Driver/Src/stm32f4xx_hal_gpio.o
 .debug_info    0x000000000000b606     0x2617 ./Drivers/STM32F4xx_HAL_Driver/Src/stm32f4xx_hal_i2c.o
 .debug_info    0x000000000000dc1d      0x6b6 ./Drivers/STM32F4xx_HAL_Driver/Src/stm32f4xx_hal_i2c_ex.o
 .debug_info    0x000000000000e2d3     0x114d ./Drivers/STM32F4xx_HAL_Driver/Src/stm32f4xx_hal_ltdc.o
 .debug_info    0x000000000000f420      0x6e6 ./Drivers/STM32F4xx_HAL_Driver/Src/stm32f4xx_hal_pwr_ex.o
 .debug_info    0x000000000000fb06      0x982 ./Drivers/STM32F4xx_HAL_Driver/Src/stm32f4xx_hal_rcc.o
 .debug_info    0x0000000000010488      0x689 ./Drivers/STM32F4xx_HAL_Driver/Src/stm32f4xx_hal_rcc_ex.o
 .debug_info    0x0000000000010b11      0xcf8 ./Drivers/STM32F4xx_HAL_Driver/Src/stm32f4xx_hal_rtc.o
 .debug_info    0x0000000000011809      0xf46 ./Drivers/STM32F4xx_HAL_Driver/Src/stm32f4xx_hal_sdram.o
 .debug_info    0x000000000001274f     0x1758 ./Drivers/STM32F4xx_HAL_Driver/Src/stm32f4xx_hal_spi.o
 .debug_info    0x0000000000013ea7     0x2bbe ./Drivers/STM32F4xx_HAL_Driver/Src/stm32f4xx_hal_tim.o
 .debug_info    0x0000000000016a65     0x15e0 ./Drivers/STM32F4xx_HAL_Driver/Src/stm32f4xx_hal_tim_ex.o
 .debug_info    0x0000000000018045     0x31bc ./Drivers/STM32F4xx_HAL_Driver/Src/stm32f4xx_hal_uart.o
 .debug_info    0x000000000001b201      0xe98 ./Drivers/STM32F4xx_HAL_Driver/Src/stm32f4xx_ll_fmc.o
 .debug_info    0x000000000001c099      0x127 ./user_Driver/Fonts/font16.o
 .debug_info    0x000000000001c1c0      0x127 ./user_Driver/Fonts/font20.o
 .debug_info    0x000000000001c2e7      0x127 ./user_Driver/Fonts/font24.o
 .debug_info    0x000000000001c40e      0x127 ./user_Driver/Fonts/font8.o
 .debug_info    0x000000000001c535      0x3c2 ./user_Driver/ili9341/ili9341.o
 .debug_info    0x000000000001c8f7     0x1aeb ./user_Driver/stm32f429i_discovery.o
 .debug_info    0x000000000001e3e2     0x24d5 ./user_Driver/stm32f429i_discovery_lcd.o
 .debug_info    0x00000000000208b7     0x108d ./user_Driver/stm32f429i_discovery_sdram.o

.debug_abbrev   0x0000000000000000     0x4bf1
 .debug_abbrev  0x0000000000000000      0x1c8 ./Core/Src/dma2d.o
 .debug_abbrev  0x00000000000001c8      0x234 ./Core/Src/fmc.o
 .debug_abbrev  0x00000000000003fc      0x146 ./Core/Src/gpio.o
 .debug_abbrev  0x0000000000000542      0x1f7 ./Core/Src/i2c.o
 .debug_abbrev  0x0000000000000739      0x21a ./Core/Src/ltdc.o
 .debug_abbrev  0x0000000000000953      0x319 ./Core/Src/main.o
 .debug_abbrev  0x0000000000000c6c      0x18f ./Core/Src/rtc.o
 .debug_abbrev  0x0000000000000dfb      0x1e0 ./Core/Src/spi.o
 .debug_abbrev  0x0000000000000fdb       0xd4 ./Core/Src/stm32f4xx_hal_msp.o
 .debug_abbrev  0x00000000000010af      0x174 ./Core/Src/stm32f4xx_it.o
 .debug_abbrev  0x0000000000001223       0xbb ./Core/Src/sysmem.o
 .debug_abbrev  0x00000000000012de      0x116 ./Core/Src/system_stm32f4xx.o
 .debug_abbrev  0x00000000000013f4      0x1c2 ./Core/Src/tim.o
 .debug_abbrev  0x00000000000015b6      0x1e7 ./Core/Src/usart.o
 .debug_abbrev  0x000000000000179d       0x12 ./Core/Startup/startup_stm32f429zitx.o
 .debug_abbrev  0x00000000000017af      0x20d ./Drivers/STM32F4xx_HAL_Driver/Src/stm32f4xx_hal.o
 .debug_abbrev  0x00000000000019bc      0x316 ./Drivers/STM32F4xx_HAL_Driver/Src/stm32f4xx_hal_cortex.o
 .debug_abbrev  0x0000000000001cd2      0x25b ./Drivers/STM32F4xx_HAL_Driver/Src/stm32f4xx_hal_dma.o
 .debug_abbrev  0x0000000000001f2d      0x22e ./Drivers/STM32F4xx_HAL_Driver/Src/stm32f4xx_hal_dma2d.o
 .debug_abbrev  0x000000000000215b      0x1c4 ./Drivers/STM32F4xx_HAL_Driver/Src/stm32f4xx_hal_gpio.o
 .debug_abbrev  0x000000000000231f      0x297 ./Drivers/STM32F4xx_HAL_Driver/Src/stm32f4xx_hal_i2c.o
 .debug_abbrev  0x00000000000025b6      0x14c ./Drivers/STM32F4xx_HAL_Driver/Src/stm32f4xx_hal_i2c_ex.o
 .debug_abbrev  0x0000000000002702      0x221 ./Drivers/STM32F4xx_HAL_Driver/Src/stm32f4xx_hal_ltdc.o
 .debug_abbrev  0x0000000000002923      0x1c9 ./Drivers/STM32F4xx_HAL_Driver/Src/stm32f4xx_hal_pwr_ex.o
 .debug_abbrev  0x0000000000002aec      0x2aa ./Drivers/STM32F4xx_HAL_Driver/Src/stm32f4xx_hal_rcc.o
 .debug_abbrev  0x0000000000002d96      0x1a8 ./Drivers/STM32F4xx_HAL_Driver/Src/stm32f4xx_hal_rcc_ex.o
 .debug_abbrev  0x0000000000002f3e      0x1f1 ./Drivers/STM32F4xx_HAL_Driver/Src/stm32f4xx_hal_rtc.o
 .debug_abbrev  0x000000000000312f      0x230 ./Drivers/STM32F4xx_HAL_Driver/Src/stm32f4xx_hal_sdram.o
 .debug_abbrev  0x000000000000335f      0x26e ./Drivers/STM32F4xx_HAL_Driver/Src/stm32f4xx_hal_spi.o
 .debug_abbrev  0x00000000000035cd      0x25d ./Drivers/STM32F4xx_HAL_Driver/Src/stm32f4xx_hal_tim.o
 .debug_abbrev  0x000000000000382a      0x265 ./Drivers/STM32F4xx_HAL_Driver/Src/stm32f4xx_hal_tim_ex.o
 .debug_abbrev  0x0000000000003a8f      0x2f4 ./Drivers/STM32F4xx_HAL_Driver/Src/stm32f4xx_hal_uart.o
 .debug_abbrev  0x0000000000003d83      0x196 ./Drivers/STM32F4xx_HAL_Driver/Src/stm32f4xx_ll_fmc.o
 .debug_abbrev  0x0000000000003f19       0xb1 ./user_Driver/Fonts/font16.o