../user_Driver/stm32f429i_discovery_lcd.c:139:9:BSP_LCD_Init	8	static
../user_Driver/stm32f429i_discovery_lcd.c:222:10:BSP_LCD_GetXSize	8	static
../user_Driver/stm32f429i_discovery_lcd.c:231:10:BSP_LCD_GetYSize	8	static
../user_Driver/stm32f429i_discovery_lcd.c:241:6:BSP_LCD_LayerDefaultInit	72	static
../user_Driver/stm32f429i_discovery_lcd.c:276:6:BSP_LCD_SelectLayer	16	static
../user_Driver/stm32f429i_discovery_lcd.c:287:6:BSP_LCD_SetLayerVisible	16	static
../user_Driver/stm32f429i_discovery_lcd.c:309:6:BSP_LCD_SetLayerVisible_NoReload	16	static
../user_Driver/stm32f429i_discovery_lcd.c:328:6:BSP_LCD_SetTransparency	16	static
../user_Driver/stm32f429i_discovery_lcd.c:340:6:BSP_LCD_SetTransparency_NoReload	16	static
../user_Driver/stm32f429i_discovery_lcd.c:350:6:BSP_LCD_SetLayerAddress	16	static
../user_Driver/stm32f429i_discovery_lcd.c:361:6:BSP_LCD_SetLayerAddress_NoReload	16	static
../user_Driver/stm32f429i_discovery_lcd.c:374:6:BSP_LCD_SetLayerWindow	24	static
../user_Driver/stm32f429i_discovery_lcd.c:392:6:BSP_LCD_SetLayerWindow_NoReload	24	static
../user_Driver/stm32f429i_discovery_lcd.c:406:6:BSP_LCD_SetColorKeying	16	static
../user_Driver/stm32f429i_discovery_lcd.c:419:6:BSP_LCD_SetColorKeying_NoReload	16	static
../user_Driver/stm32f429i_discovery_lcd.c:430:6:BSP_LCD_ResetColorKeying	16	static
../user_Driver/stm32f429i_discovery_lcd.c:441:6:BSP_LCD_ResetColorKeying_NoReload	16	static
../user_Driver/stm32f429i_discovery_lcd.c:454:6:BSP_LCD_Relaod	16	static
../user_Driver/stm32f429i_discovery_lcd.c:463:10:BSP_LCD_GetTextColor	4	static
../user_Driver/stm32f429i_discovery_lcd.c:472:10:BSP_LCD_GetBackColor	4	static
../user_Driver/stm32f429i_discovery_lcd.c:481:6:BSP_LCD_SetTextColor	16	static
../user_Driver/stm32f429i_discovery_lcd.c:490:6:BSP_LCD_SetBackColor	16	static
../user_Driver/stm32f429i_discovery_lcd.c:499:6:BSP_LCD_SetFont	16	static
../user_Driver/stm32f429i_discovery_lcd.c:508:8:BSP_LCD_GetFont	4	static
../user_Driver/stm32f429i_discovery_lcd.c:519:10:BSP_LCD_ReadPixel	32	static
../user_Driver/stm32f429i_discovery_lcd.c:553:6:BSP_LCD_Clear	40	static
../user_Driver/stm32f429i_discovery_lcd.c:563:6:BSP_LCD_ClearStringLine	32	static
../user_Driver/stm32f429i_discovery_lcd.c:581:6:BSP_LCD_DisplayChar	24	static
../user_Driver/stm32f429i_discovery_lcd.c:598:6:BSP_LCD_DisplayStringAt	48	static
../user_Driver/stm32f429i_discovery_lcd.c:652:6:BSP_LCD_DisplayStringAtLine	16	static
../user_Driver/stm32f429i_discovery_lcd.c:663:6:BSP_LCD_DrawHLine	40	static
../user_Driver/stm32f429i_discovery_lcd.c:680:6:BSP_LCD_DrawVLine	48	static
../user_Driver/stm32f429i_discovery_lcd.c:698:6:BSP_LCD_DrawLine	56	static
../user_Driver/stm32f429i_discovery_lcd.c:772:6:BSP_LCD_DrawRect	24	static
../user_Driver/stm32f429i_discovery_lcd.c:789:6:BSP_LCD_DrawCircle	40	static
../user_Driver/stm32f429i_discovery_lcd.c:828:6:BSP_LCD_DrawPolygon	32	static
../user_Driver/stm32f429i_discovery_lcd.c:855:6:BSP_LCD_DrawEllipse	64	static
../user_Driver/stm32f429i_discovery_lcd.c:887:6:BSP_LCD_DrawBitmap	56	static
../user_Driver/stm32f429i_discovery_lcd.c:944:6:BSP_LCD_FillRect	48	static
../user_Driver/stm32f429i_discovery_lcd.c:964:6:BSP_LCD_FillCircle	32	static
../user_Driver/stm32f429i_discovery_lcd.c:1015:6:BSP_LCD_FillTriangle	56	static
../user_Driver/stm32f429i_discovery_lcd.c:1088:6:BSP_LCD_FillPolygon	64	static
../user_Driver/stm32f429i_discovery_lcd.c:1156:6:BSP_LCD_FillEllipse	56	static
../user_Driver/stm32f429i_discovery_lcd.c:1184:6:BSP_LCD_DisplayOn	8	static
../user_Driver/stm32f429i_discovery_lcd.c:1195:6:BSP_LCD_DisplayOff	8	static
../user_Driver/stm32f429i_discovery_lcd.c:1210:13:BSP_LCD_MspInit	64	static
../user_Driver/stm32f429i_discovery_lcd.c:1294:6:BSP_LCD_DrawPixel	24	static
../user_Driver/stm32f429i_discovery_lcd.c:1306:13:DrawChar	40	static
../user_Driver/stm32f429i_discovery_lcd.c:1363:13:FillBuffer	32	static
../user_Driver/stm32f429i_discovery_lcd.c:1394:13:ConvertLineToARGB8888	32	static
