../Core/Src/main.c:133:5:main	16	static
../Core/Src/main.c:313:6:SystemClock_Config	88	static
../Core/Src/main.c:369:6:ESP8266_Init	8	static
../Core/Src/main.c:383:6:ESP8266_SendData	128	dynamic
../Core/Src/main.c:495:9:checkBufferCharacters	32	static
../Core/Src/main.c:515:6:delay	16	static
../Core/Src/main.c:522:6:Set_Pin_Output	40	static
../Core/Src/main.c:531:6:Set_Pin_Input	40	static
../Core/Src/main.c:541:6:DHT22_Start	8	static
../Core/Src/main.c:551:9:DHT22_Check_Response	16	static
../Core/Src/main.c:570:10:DHT22_Read	16	static
../Core/Src/main.c:595:6:Error_Handler	4	static,ignoring_inline_asm
