../Core/Src/main.c:136:5:main	16	static
../Core/Src/main.c:316:6:SystemClock_Config	88	static
../Core/Src/main.c:372:6:ESP8266_Init	8	static
../Core/Src/main.c:386:6:ESP8266_SendData	128	dynamic
../Core/Src/main.c:498:9:checkBufferCharacters	32	static
../Core/Src/main.c:518:6:delay	16	static
../Core/Src/main.c:525:6:Set_Pin_Output	40	static
../Core/Src/main.c:534:6:Set_Pin_Input	40	static
../Core/Src/main.c:544:6:DHT22_Start	8	static
../Core/Src/main.c:554:9:DHT22_Check_Response	16	static
../Core/Src/main.c:577:10:DHT22_Read	16	static
../Core/Src/main.c:602:6:Error_Handler	4	static,ignoring_inline_asm
